Component: ARM Compiler 5.06 update 4 (build 422) Tool: armlink [4d35d2]

==============================================================================

Section Cross References

    main.o(i.Position_PID) refers to fflt_clz.o(x$fpl$fflt) for __aeabi_i2f
    main.o(i.Position_PID) refers to faddsub_clz.o(x$fpl$fadd) for __aeabi_fadd
    main.o(i.Position_PID) refers to faddsub_clz.o(x$fpl$fsub) for __aeabi_fsub
    main.o(i.Position_PID) refers to fmul.o(x$fpl$fmul) for __aeabi_fmul
    main.o(i.Position_PID) refers to ffix.o(x$fpl$ffix) for __aeabi_f2iz
    main.o(i.Position_PID) refers to main.o(.data) for Bias
    main.o(i.autodrive) refers to fleqf.o(x$fpl$fleqf) for __aeabi_cfcmple
    main.o(i.autodrive) refers to pwm.o(i.Go_stop) for Go_stop
    main.o(i.autodrive) refers to frleqf.o(x$fpl$frleqf) for __aeabi_cfrcmple
    main.o(i.autodrive) refers to pwm.o(i.Go_forward) for Go_forward
    main.o(i.autodrive) refers to wave.o(.data) for Distance
    main.o(i.autodrive) refers to openmv.o(.data) for X
    main.o(i.main) refers to delay.o(i.delay_init) for delay_init
    main.o(i.main) refers to misc.o(i.NVIC_PriorityGroupConfig) for NVIC_PriorityGroupConfig
    main.o(i.main) refers to usart.o(i.uart_init) for uart_init
    main.o(i.main) refers to led.o(i.LED_Init) for LED_Init
    main.o(i.main) refers to beep.o(i.BEEP_Init) for BEEP_Init
    main.o(i.main) refers to openmv.o(i.usart2_init) for usart2_init
    main.o(i.main) refers to esp8266.o(i.usart3_init) for usart3_init
    main.o(i.main) refers to timer.o(i.Timer_SRD_Init) for Timer_SRD_Init
    main.o(i.main) refers to wave.o(i.Wave_SRD_Init) for Wave_SRD_Init
    main.o(i.main) refers to wave.o(i.Wave_SRD_Strat) for Wave_SRD_Strat
    main.o(i.main) refers to ffix.o(x$fpl$ffix) for __aeabi_f2iz
    main.o(i.main) refers to esp8266.o(i.u3_printf) for u3_printf
    main.o(i.main) refers to main.o(i.Position_PID) for Position_PID
    main.o(i.main) refers to fflt_clz.o(x$fpl$fflt) for __aeabi_i2f
    main.o(i.main) refers to pwm.o(i.Go_stop) for Go_stop
    main.o(i.main) refers to pwm.o(i.Go_forward) for Go_forward
    main.o(i.main) refers to pwm.o(i.Go_right) for Go_right
    main.o(i.main) refers to pwm.o(i.Go_left) for Go_left
    main.o(i.main) refers to pwm.o(i.Go_back) for Go_back
    main.o(i.main) refers to main.o(i.autodrive) for autodrive
    main.o(i.main) refers to delay.o(i.delay_ms) for delay_ms
    main.o(i.main) refers to wave.o(.data) for Distance
    main.o(i.main) refers to openmv.o(.data) for Y
    main.o(i.main) refers to main.o(.data) for flag
    main.o(i.main) refers to esp8266.o(.data) for USART3_RX_STA
    main.o(i.main) refers to esp8266.o(.bss) for USART3_RX_BUF
    system_stm32f10x.o(i.SetSysClock) refers to system_stm32f10x.o(i.SetSysClockTo72) for SetSysClockTo72
    system_stm32f10x.o(i.SystemCoreClockUpdate) refers to system_stm32f10x.o(.data) for SystemCoreClock
    system_stm32f10x.o(i.SystemInit) refers to system_stm32f10x.o(i.SetSysClock) for SetSysClock
    delay.o(i.delay_init) refers to misc.o(i.SysTick_CLKSourceConfig) for SysTick_CLKSourceConfig
    delay.o(i.delay_init) refers to system_stm32f10x.o(.data) for SystemCoreClock
    delay.o(i.delay_init) refers to delay.o(.data) for fac_us
    delay.o(i.delay_ms) refers to delay.o(.data) for fac_ms
    delay.o(i.delay_us) refers to delay.o(.data) for fac_us
    usart.o(i.USART1_IRQHandler) refers (Special) to use_no_semi_2.o(.text) for __use_no_semihosting
    usart.o(i.USART1_IRQHandler) refers to stm32f10x_usart.o(i.USART_GetITStatus) for USART_GetITStatus
    usart.o(i.USART1_IRQHandler) refers to stm32f10x_usart.o(i.USART_ReceiveData) for USART_ReceiveData
    usart.o(i.USART1_IRQHandler) refers to usart.o(.data) for USART_RX_STA
    usart.o(i.USART1_IRQHandler) refers to usart.o(.bss) for USART_RX_BUF
    usart.o(i._sys_exit) refers (Special) to use_no_semi_2.o(.text) for __use_no_semihosting
    usart.o(i.fputc) refers (Special) to use_no_semi_2.o(.text) for __use_no_semihosting
    usart.o(i.uart_init) refers (Special) to use_no_semi_2.o(.text) for __use_no_semihosting
    usart.o(i.uart_init) refers to stm32f10x_rcc.o(i.RCC_APB2PeriphClockCmd) for RCC_APB2PeriphClockCmd
    usart.o(i.uart_init) refers to stm32f10x_gpio.o(i.GPIO_Init) for GPIO_Init
    usart.o(i.uart_init) refers to misc.o(i.NVIC_Init) for NVIC_Init
    usart.o(i.uart_init) refers to stm32f10x_usart.o(i.USART_Init) for USART_Init
    usart.o(i.uart_init) refers to stm32f10x_usart.o(i.USART_ITConfig) for USART_ITConfig
    usart.o(i.uart_init) refers to stm32f10x_usart.o(i.USART_Cmd) for USART_Cmd
    usart.o(.bss) refers (Special) to use_no_semi_2.o(.text) for __use_no_semihosting
    usart.o(.data) refers (Special) to use_no_semi_2.o(.text) for __use_no_semihosting
    startup_stm32f10x_hd.o(STACK) refers (Special) to heapauxi.o(.text) for __use_two_region_memory
    startup_stm32f10x_hd.o(HEAP) refers (Special) to heapauxi.o(.text) for __use_two_region_memory
[...]
    _printf_longlong_oct_internal            0x08000601   Thumb Code     0  _printf_oct_int_ll.o(.text)
    .text                                    0x08000670   Section        0  _printf_hex_int_ll_ptr.o(.text)
    _printf_hex_common                       0x08000671   Thumb Code     0  _printf_hex_int_ll_ptr.o(.text)
    .text                                    0x08000704   Section        0  __printf_flags_ss_wp.o(.text)
    .text                                    0x0800088c   Section      138  lludiv10.o(.text)
    .text                                    0x08000916   Section        0  _printf_intcommon.o(.text)
    .text                                    0x080009c8   Section        0  _printf_fp_dec.o(.text)
    _fp_digits                               0x080009cb   Thumb Code   428  _printf_fp_dec.o(.text)
    .text                                    0x08000de2   Section        0  _printf_char.o(.text)
    .text                                    0x08000e0e   Section        0  _printf_wchar.o(.text)
    .text                                    0x08000e3a   Section        0  _wcrtomb.o(.text)
    .text                                    0x08000e7a   Section       74  sys_stackheap_outer.o(.text)
    .text                                    0x08000ec4   Section       16  rt_ctype_table.o(.text)
    .text                                    0x08000ed4   Section        8  rt_locale_intlibspace.o(.text)
    .text                                    0x08000edc   Section        0  _printf_fp_infnan.o(.text)
    .text                                    0x08000f5c   Section        0  bigflt0.o(.text)
    .text                                    0x08001038   Section        0  exit.o(.text)
    .text                                    0x0800104c   Section        8  libspace.o(.text)
    .text                                    0x08001054   Section      128  strcmpv7m.o(.text)
    CL$$btod_d2e                             0x080010d4   Section       62  btod.o(CL$$btod_d2e)
    CL$$btod_d2e_denorm_low                  0x08001112   Section       70  btod.o(CL$$btod_d2e_denorm_low)
    CL$$btod_d2e_norm_op1                    0x08001158   Section       96  btod.o(CL$$btod_d2e_norm_op1)
    CL$$btod_div_common                      0x080011b8   Section      824  btod.o(CL$$btod_div_common)
    CL$$btod_e2e                             0x080014f0   Section      198  btod.o(CL$$btod_e2e)
    CL$$btod_ediv                            0x080015b6   Section       40  btod.o(CL$$btod_ediv)
    CL$$btod_emul                            0x080015de   Section       40  btod.o(CL$$btod_emul)
    CL$$btod_mult_common                     0x08001606   Section      580  btod.o(CL$$btod_mult_common)
    i.BEEP_Init                              0x0800184c   Section        0  beep.o(i.BEEP_Init)
    i.BusFault_Handler                       0x08001884   Section        0  stm32f10x_it.o(i.BusFault_Handler)
    i.Data_Processing                        0x08001888   Section        0  openmv.o(i.Data_Processing)
    i.DebugMon_Handler                       0x080018c8   Section        0  stm32f10x_it.o(i.DebugMon_Handler)
    i.EXTI9_5_IRQHandler                     0x080018cc   Section        0  wave.o(i.EXTI9_5_IRQHandler)
    i.EXTI_ClearITPendingBit                 0x08001954   Section        0  stm32f10x_exti.o(i.EXTI_ClearITPendingBit)
    i.EXTI_GetITStatus                       0x08001960   Section        0  stm32f10x_exti.o(i.EXTI_GetITStatus)
    i.EXTI_Init                              0x08001988   Section        0  stm32f10x_exti.o(i.EXTI_Init)
    i.GPIO_EXTILineConfig                    0x08001a1c   Section        0  stm32f10x_gpio.o(i.GPIO_EXTILineConfig)
    i.GPIO_Init                              0x08001a5c   Section        0  stm32f10x_gpio.o(i.GPIO_Init)
    i.GPIO_ReadInputDataBit                  0x08001b72   Section        0  stm32f10x_gpio.o(i.GPIO_ReadInputDataBit)
    i.GPIO_ResetBits                         0x08001b84   Section        0  stm32f10x_gpio.o(i.GPIO_ResetBits)
    i.GPIO_SetBits                           0x08001b88   Section        0  stm32f10x_gpio.o(i.GPIO_SetBits)
    i.Go_back                                0x08001b8c   Section        0  pwm.o(i.Go_back)
    i.Go_forward                             0x08001ba4   Section        0  pwm.o(i.Go_forward)
    i.Go_left                                0x08001bbc   Section        0  pwm.o(i.Go_left)
    i.Go_right                               0x08001bd4   Section        0  pwm.o(i.Go_right)
    i.Go_stop                                0x08001bec   Section        0  pwm.o(i.Go_stop)
    i.HardFault_Handler                      0x08001c00   Section        0  stm32f10x_it.o(i.HardFault_Handler)
    i.LED_Init                               0x08001c04   Section        0  led.o(i.LED_Init)
    i.MemManage_Handler                      0x08001c50   Section        0  stm32f10x_it.o(i.MemManage_Handler)
    i.NMI_Handler                            0x08001c54   Section        0  stm32f10x_it.o(i.NMI_Handler)
    i.NVIC_Init                              0x08001c58   Section        0  misc.o(i.NVIC_Init)
    i.NVIC_PriorityGroupConfig               0x08001cc8   Section        0  misc.o(i.NVIC_PriorityGroupConfig)
    i.PendSV_Handler                         0x08001cdc   Section        0  stm32f10x_it.o(i.PendSV_Handler)
    i.Position_PID                           0x08001ce0   Section        0  main.o(i.Position_PID)
    i.RCC_APB1PeriphClockCmd                 0x08001d7c   Section        0  stm32f10x_rcc.o(i.RCC_APB1PeriphClockCmd)
    i.RCC_APB1PeriphResetCmd                 0x08001d9c   Section        0  stm32f10x_rcc.o(i.RCC_APB1PeriphResetCmd)
    i.RCC_APB2PeriphClockCmd                 0x08001dbc   Section        0  stm32f10x_rcc.o(i.RCC_APB2PeriphClockCmd)
    i.RCC_APB2PeriphResetCmd                 0x08001ddc   Section        0  stm32f10x_rcc.o(i.RCC_APB2PeriphResetCmd)
    i.RCC_GetClocksFreq                      0x08001dfc   Section        0  stm32f10x_rcc.o(i.RCC_GetClocksFreq)
    i.Receive_Prepare                        0x08001ed0   Section        0  openmv.o(i.Receive_Prepare)
    i.SVC_Handler                            0x08001f48   Section        0  stm32f10x_it.o(i.SVC_Handler)
    i.SetSysClock                            0x08001f4a   Section        0  system_stm32f10x.o(i.SetSysClock)
    SetSysClock                              0x08001f4b   Thumb Code     8  system_stm32f10x.o(i.SetSysClock)
    i.SetSysClockTo72                        0x08001f54   Section        0  system_stm32f10x.o(i.SetSysClockTo72)
    SetSysClockTo72                          0x08001f55   Thumb Code   214  system_stm32f10x.o(i.SetSysClockTo72)
    i.SysTick_CLKSourceConfig                0x08002034   Section        0  misc.o(i.SysTick_CLKSourceConfig)
    i.SysTick_Handler                        0x0800205c   Section        0  stm32f10x_it.o(i.SysTick_Handler)
    i.SystemInit                             0x08002060   Section        0  system_stm32f10x.o(i.SystemInit)
    i.TIM3_GPIO_Config                       0x080020c0   Section        0  pwm.o(i.TIM3_GPIO_Config)
    TIM3_GPIO_Config                         0x080020c1   Thumb Code    60  pwm.o(i.TIM3_GPIO_Config)
    i.TIM3_Mode_Config                       0x08002104   Section        0  pwm.o(i.TIM3_Mode_Config)
    TIM3_Mode_Config                         0x08002105   Thumb Code   178  pwm.o(i.TIM3_Mode_Config)
    i.TIM4_IRQHandler                        0x080021bc   Section        0  timer.o(i.TIM4_IRQHandler)
    i.TIM5_IRQHandler                        0x080021ec   Section        0  timer.o(i.TIM5_IRQHandler)
    i.TIM7_IRQHandler                        0x080022ac   Section        0  timer.o(i.TIM7_IRQHandler)
    i.TIM7_Int_Init                          0x080022e0   Section        0  timer.o(i.TIM7_Int_Init)
    i.TIM_ARRPreloadConfig                   0x0800233c   Section        0  stm32f10x_tim.o(i.TIM_ARRPreloadConfig)
    i.TIM_ClearITPendingBit                  0x08002354   Section        0  stm32f10x_tim.o(i.TIM_ClearITPendingBit)
    i.TIM_Cmd                                0x0800235a   Section        0  stm32f10x_tim.o(i.TIM_Cmd)
    i.TIM_GetCapture1                        0x08002372   Section        0  stm32f10x_tim.o(i.TIM_GetCapture1)
    i.TIM_GetCounter                         0x08002378   Section        0  stm32f10x_tim.o(i.TIM_GetCounter)
    i.TIM_GetITStatus                        0x0800237e   Section        0  stm32f10x_tim.o(i.TIM_GetITStatus)
    i.TIM_ITConfig                           0x080023a0   Section        0  stm32f10x_tim.o(i.TIM_ITConfig)
    i.TIM_OC1Init                            0x080023b4   Section        0  stm32f10x_tim.o(i.TIM_OC1Init)
    i.TIM_OC1PolarityConfig                  0x0800244c   Section        0  stm32f10x_tim.o(i.TIM_OC1PolarityConfig)
    i.TIM_OC1PreloadConfig                   0x0800245e   Section        0  stm32f10x_tim.o(i.TIM_OC1PreloadConfig)
    i.TIM_OC2Init                            0x08002470   Section        0  stm32f10x_tim.o(i.TIM_OC2Init)
    i.TIM_OC2PreloadConfig                   0x08002514   Section        0  stm32f10x_tim.o(i.TIM_OC2PreloadConfig)
    i.TIM_OC3Init                            0x08002530   Section        0  stm32f10x_tim.o(i.TIM_OC3Init)
    i.TIM_OC3PreloadConfig                   0x080025d0   Section        0  stm32f10x_tim.o(i.TIM_OC3PreloadConfig)
    i.TIM_OC4Init                            0x080025e4   Section        0  stm32f10x_tim.o(i.TIM_OC4Init)
    i.TIM_OC4PreloadConfig                   0x08002660   Section        0  stm32f10x_tim.o(i.TIM_OC4PreloadConfig)
    i.TIM_SetCounter                         0x0800267a   Section        0  stm32f10x_tim.o(i.TIM_SetCounter)
    i.TIM_TimeBaseInit                       0x08002680   Section        0  stm32f10x_tim.o(i.TIM_TimeBaseInit)
    i.Timer_SRD_Init                         0x08002724   Section        0  timer.o(i.Timer_SRD_Init)
    i.USART1_IRQHandler                      0x08002790   Section        0  usart.o(i.USART1_IRQHandler)
    i.USART2_IRQHandler                      0x08002818   Section        0  openmv.o(i.USART2_IRQHandler)
    i.USART3_IRQHandler                      0x08002844   Section        0  esp8266.o(i.USART3_IRQHandler)
    i.USART_ClearITPendingBit                0x080028c0   Section        0  stm32f10x_usart.o(i.USART_ClearITPendingBit)
    i.USART_Cmd                              0x080028de   Section        0  stm32f10x_usart.o(i.USART_Cmd)
    i.USART_DeInit                           0x080028f8   Section        0  stm32f10x_usart.o(i.USART_DeInit)
    i.USART_GetFlagStatus                    0x08002994   Section        0  stm32f10x_usart.o(i.USART_GetFlagStatus)
    i.USART_GetITStatus                      0x080029ae   Section        0  stm32f10x_usart.o(i.USART_GetITStatus)
    i.USART_ITConfig                         0x08002a02   Section        0  stm32f10x_usart.o(i.USART_ITConfig)
    i.USART_Init                             0x08002a4c   Section        0  stm32f10x_usart.o(i.USART_Init)
    i.USART_ReceiveData                      0x08002b24   Section        0  stm32f10x_usart.o(i.USART_ReceiveData)
    i.USART_SendData                         0x08002b2e   Section        0  stm32f10x_usart.o(i.USART_SendData)
    i.UsageFault_Handler                     0x08002b36   Section        0  stm32f10x_it.o(i.UsageFault_Handler)
    i.Wave_SRD_Init                          0x08002b3c   Section        0  wave.o(i.Wave_SRD_Init)
    i.Wave_SRD_Strat                         0x08002bc0   Section        0  wave.o(i.Wave_SRD_Strat)
    i.__ARM_fpclassify                       0x08002be0   Section        0  fpclassify.o(i.__ARM_fpclassify)
    i._is_digit                              0x08002c08   Section        0  __printf_wp.o(i._is_digit)
    i._sys_exit                              0x08002c16   Section        0  usart.o(i._sys_exit)
    i.autodrive                              0x08002c1c   Section        0  main.o(i.autodrive)
    i.delay_init                             0x08002cb4   Section        0  delay.o(i.delay_init)
    i.delay_ms                               0x08002cf8   Section        0  delay.o(i.delay_ms)
    i.delay_us                               0x08002d44   Section        0  delay.o(i.delay_us)
    i.main                                   0x08002d90   Section        0  main.o(i.main)
    i.u3_printf                              0x08002f74   Section        0  esp8266.o(i.u3_printf)
    i.uart_init                              0x08002fc4   Section        0  usart.o(i.uart_init)
    i.usart2_init                            0x08003064   Section        0  openmv.o(i.usart2_init)
    i.usart3_init                            0x08003108   Section        0  esp8266.o(i.usart3_init)
    locale$$code                             0x080031d8   Section       44  lc_numeric_c.o(locale$$code)
    locale$$code                             0x08003204   Section       44  lc_ctype_c.o(locale$$code)
    x$fpl$d2f                                0x08003230   Section       98  d2f.o(x$fpl$d2f)
    x$fpl$ddiv                               0x08003294   Section      688  ddiv.o(x$fpl$ddiv)
    ddiv_entry                               0x0800329b   Thumb Code     0  ddiv.o(x$fpl$ddiv)
    x$fpl$dflt                               0x08003544   Section       46  dflt_clz.o(x$fpl$dflt)
    x$fpl$dnaninf                            0x08003572   Section      156  dnaninf.o(x$fpl$dnaninf)
    x$fpl$dretinf                            0x0800360e   Section       12  dretinf.o(x$fpl$dretinf)
    x$fpl$fadd                               0x0800361c   Section      196  faddsub_clz.o(x$fpl$fadd)
    _fadd1                                   0x0800362b   Thumb Code     0  faddsub_clz.o(x$fpl$fadd)
    x$fpl$fcmpinf                            0x080036e0   Section       24  fcmpi.o(x$fpl$fcmpinf)
    x$fpl$ffix                               0x080036f8   Section       54  ffix.o(x$fpl$ffix)
    x$fpl$fflt                               0x08003730   Section       48  fflt_clz.o(x$fpl$fflt)
    x$fpl$fleqf                              0x08003760   Section      104  fleqf.o(x$fpl$fleqf)
    x$fpl$fmul                               0x080037c8   Section      258  fmul.o(x$fpl$fmul)
    x$fpl$fnaninf                            0x080038ca   Section      140  fnaninf.o(x$fpl$fnaninf)
    x$fpl$fretinf                            0x08003956   Section       10  fretinf.o(x$fpl$fretinf)
    x$fpl$frleqf                             0x08003960   Section       98  frleqf.o(x$fpl$frleqf)
    x$fpl$fsub                               0x080039c4   Section      234  faddsub_clz.o(x$fpl$fsub)
    _fsub1                                   0x080039d3   Thumb Code     0  faddsub_clz.o(x$fpl$fsub)
    x$fpl$printf1                            0x08003aae   Section        4  printf1.o(x$fpl$printf1)
    x$fpl$usenofp                            0x08003ab2   Section        0  usenofp.o(x$fpl$usenofp)
    .constdata                               0x08003ab4   Section        8  _printf_wctomb.o(.constdata)
    initial_mbstate                          0x08003ab4   Data           8  _printf_wctomb.o(.constdata)
    .constdata                               0x08003abc   Section       40  _printf_hex_int_ll_ptr.o(.constdata)
    uc_hextab                                0x08003abc   Data          20  _printf_hex_int_ll_ptr.o(.constdata)
    lc_hextab                                0x08003ad0   Data          20  _printf_hex_int_ll_ptr.o(.constdata)
    .constdata                               0x08003ae4   Section       17  __printf_flags_ss_wp.o(.constdata)
    maptable                                 0x08003ae4   Data          17  __printf_flags_ss_wp.o(.constdata)
    .constdata                               0x08003af8   Section      148  bigflt0.o(.constdata)
    tenpwrs_x                                0x08003af8   Data          60  bigflt0.o(.constdata)
    tenpwrs_i                                0x08003b34   Data          64  bigflt0.o(.constdata)
    locale$$data                             0x08003bac   Section       28  lc_numeric_c.o(locale$$data)
    __lcnum_c_name                           0x08003bb0   Data           2  lc_numeric_c.o(locale$$data)
    __lcnum_c_start                          0x08003bb8   Data           0  lc_numeric_c.o(locale$$data)
    __lcnum_c_point                          0x08003bc4   Data           0  lc_numeric_c.o(locale$$data)
    __lcnum_c_thousands                      0x08003bc6   Data           0  lc_numeric_c.o(locale$$data)
    __lcnum_c_grouping                       0x08003bc7   Data           0  lc_numeric_c.o(locale$$data)
    locale$$data                             0x08003bc8   Section      272  lc_ctype_c.o(locale$$data)
    __lcnum_c_end                            0x08003bc8   Data           0  lc_numeric_c.o(locale$$data)
    __lcctype_c_name                         0x08003bcc   Data           2  lc_ctype_c.o(locale$$data)
    __lcctype_c_start                        0x08003bd4   Data           0  lc_ctype_c.o(locale$$data)
    __lcctype_c_end                          0x08003cd8   Data           0  lc_ctype_c.o(locale$$data)
    .data                                    0x20000000   Section       32  main.o(.data)
    Bias                                     0x20000010   Data           4  main.o(.data)
    Pwm                                      0x20000014   Data           4  main.o(.data)
    Integral_bias                            0x20000018   Data           4  main.o(.data)
    Last_Bias                                0x2000001c   Data           4  main.o(.data)
    .data                                    0x20000020   Section       20  system_stm32f10x.o(.data)
    .data                                    0x20000034   Section        4  delay.o(.data)
    fac_us                                   0x20000034   Data           1  delay.o(.data)
    fac_ms                                   0x20000036   Data           2  delay.o(.data)
    .data                                    0x20000038   Section        6  usart.o(.data)
    .data                                    0x2000003e   Section       20  stm32f10x_rcc.o(.data)
    APBAHBPrescTable                         0x2000003e   Data          16  stm32f10x_rcc.o(.data)
    ADCPrescTable                            0x2000004e   Data           4  stm32f10x_rcc.o(.data)
    .data                                    0x20000052   Section        4  timer.o(.data)
    .data                                    0x20000058   Section        4  wave.o(.data)
    .data                                    0x2000005c   Section       10  openmv.o(.data)
    _data_cnt                                0x20000064   Data           1  openmv.o(.data)
    state                                    0x20000065   Data           1  openmv.o(.data)
    .data                                    0x20000066   Section        2  esp8266.o(.data)
    .bss                                     0x20000068   Section      200  usart.o(.bss)
    .bss                                     0x20000130   Section      210  openmv.o(.bss)
    RxBuffer                                 0x200001f8   Data          10  openmv.o(.bss)
    .bss                                     0x20000202   Section     1200  esp8266.o(.bss)
    .bss                                     0x200006b4   Section       96  libspace.o(.bss)
    HEAP                                     0x20000718   Section      512  startup_stm32f10x_hd.o(HEAP)
    Heap_Mem                                 0x20000718   Data         512  startup_stm32f10x_hd.o(HEAP)
    STACK                                    0x20000918   Section     1024  startup_stm32f10x_hd.o(STACK)
    Stack_Mem                                0x20000918   Data        1024  startup_stm32f10x_hd.o(STACK)
    __initial_sp                             0x20000d18   Data           0  startup_stm32f10x_hd.o(STACK)

    Global Symbols

    Symbol Name                              Value     Ov Type        Size  Object(Section)

    BuildAttributes$$THM_ISAv4$P$D$K$B$S$PE$A:L22UL41UL21$X:L11$S22US41US21$IEEE1$IW$USESV6$~STKCKD$USESV7$~SHL$OTIME$ROPI$IEEEJ$EBA8$UX$STANDARDLIB$REQ8$PRES8$EABIv2 0x00000000   Number         0  anon$$obj.o ABSOLUTE
    __ARM_use_no_argv                        0x00000000   Number         0  main.o ABSOLUTE
    _printf_flags                            0x00000000   Number         0  printf_stubs.o ABSOLUTE
    _printf_return_value                     0x00000000   Number         0  printf_stubs.o ABSOLUTE
    _printf_sizespec                         0x00000000   Number         0  printf_stubs.o ABSOLUTE
    _printf_widthprec                        0x00000000   Number         0  printf_stubs.o ABSOLUTE
    __ARM_exceptions_init                     - Undefined Weak Reference
    __alloca_initialize                       - Undefined Weak Reference
    __arm_preinit_                            - Undefined Weak Reference
    __cpp_initialize__aeabi_                  - Undefined Weak Reference
    __cxa_finalize                            - Undefined Weak Reference
    __sigvec_lookup                           - Undefined Weak Reference
    _atexit_init                              - Undefined Weak Reference
    _call_atexit_fns                          - Undefined Weak Reference
    _clock_init                               - Undefined Weak Reference
    _fp_trap_init                             - Undefined Weak Reference
    _fp_trap_shutdown                         - Undefined Weak Reference
    _get_lc_collate                           - Undefined Weak Reference
    _get_lc_monetary                          - Undefined Weak Reference
    _get_lc_time                              - Undefined Weak Reference
    _getenv_init                              - Undefined Weak Reference
    _handle_redirection                       - Undefined Weak Reference
    _init_alloc                               - Undefined Weak Reference
    _init_user_alloc                          - Undefined Weak Reference
    _initio                                   - Undefined Weak Reference
    _printf_fp_hex                            - Undefined Weak Reference
    _printf_mbtowc                            - Undefined Weak Reference
    _printf_wc                                - Undefined Weak Reference
    _rand_init                                - Undefined Weak Reference
    _signal_finish                            - Undefined Weak Reference
    _signal_init                              - Undefined Weak Reference
    _terminate_alloc                          - Undefined Weak Reference
    _terminate_user_alloc                     - Undefined Weak Reference
    _terminateio                              - Undefined Weak Reference
    __Vectors_Size                           0x00000130   Number         0  startup_stm32f10x_hd.o ABSOLUTE
    __Vectors                                0x08000000   Data           4  startup_stm32f10x_hd.o(RESET)
    __Vectors_End                            0x08000130   Data           0  startup_stm32f10x_hd.o(RESET)
    __main                                   0x08000131   Thumb Code     8  __main.o(!!!main)
    __scatterload                            0x08000139   Thumb Code     0  __scatter.o(!!!scatter)
    __scatterload_rt2                        0x08000139   Thumb Code    44  __scatter.o(!!!scatter)
    __scatterload_rt2_thumb_only             0x08000139   Thumb Code     0  __scatter.o(!!!scatter)
    __scatterload_null                       0x08000147   Thumb Code     0  __scatter.o(!!!scatter)
    __scatterload_copy                       0x0800016d   Thumb Code    26  __scatter_copy.o(!!handler_copy)
    __scatterload_zeroinit                   0x08000189   Thumb Code    28  __scatter_zi.o(!!handler_zi)
    _printf_n                                0x080001a5   Thumb Code     0  _printf_n.o(.ARM.Collect$$_printf_percent$$00000001)
    _printf_percent                          0x080001a5   Thumb Code     0  _printf_percent.o(.ARM.Collect$$_printf_percent$$00000000)
    _printf_p                                0x080001ab   Thumb Code     0  _printf_p.o(.ARM.Collect$$_printf_percent$$00000002)
    _printf_f                                0x080001b1   Thumb Code     0  _printf_f.o(.ARM.Collect$$_printf_percent$$00000003)
    _printf_e                                0x080001b7   Thumb Code     0  _printf_e.o(.ARM.Collect$$_printf_percent$$00000004)
    _printf_g                                0x080001bd   Thumb Code     0  _printf_g.o(.ARM.Collect$$_printf_percent$$00000005)
    _printf_a                                0x080001c3   Thumb Code     0  _printf_a.o(.ARM.Collect$$_printf_percent$$00000006)
    _printf_ll                               0x080001c9   Thumb Code     0  _printf_ll.o(.ARM.Collect$$_printf_percent$$00000007)
    _printf_i                                0x080001d3   Thumb Code     0  _printf_i.o(.ARM.Collect$$_printf_percent$$00000008)
    _printf_d                                0x080001d9   Thumb Code     0  _printf_d.o(.ARM.Collect$$_printf_percent$$00000009)
    _printf_u                                0x080001df   Thumb Code     0  _printf_u.o(.ARM.Collect$$_printf_percent$$0000000A)
    _printf_o                                0x080001e5   Thumb Code     0  _printf_o.o(.ARM.Collect$$_printf_percent$$0000000B)
    _printf_x                                0x080001eb   Thumb Code     0  _printf_x.o(.ARM.Collect$$_printf_percent$$0000000C)
    _printf_lli                              0x080001f1   Thumb Code     0  _printf_lli.o(.ARM.Collect$$_printf_percent$$0000000D)
    _printf_lld                              0x080001f7   Thumb Code     0  _printf_lld.o(.ARM.Collect$$_printf_percent$$0000000E)
    _printf_llu                              0x080001fd   Thumb Code     0  _printf_llu.o(.ARM.Collect$$_printf_percent$$0000000F)
    _printf_llo                              0x08000203   Thumb Code     0  _printf_llo.o(.ARM.Collect$$_printf_percent$$00000010)
    _printf_llx                              0x08000209   Thumb Code     0  _printf_llx.o(.ARM.Collect$$_printf_percent$$00000011)
    _printf_l                                0x0800020f   Thumb Code     0  _printf_l.o(.ARM.Collect$$_printf_percent$$00000012)
    _printf_c                                0x08000219   Thumb Code     0  _printf_c.o(.ARM.Collect$$_printf_percent$$00000013)
    _printf_s                                0x0800021f   Thumb Code     0  _printf_s.o(.ARM.Collect$$_printf_percent$$00000014)
    _printf_lc                               0x08000225   Thumb Code     0  _printf_lc.o(.ARM.Collect$$_printf_percent$$00000015)
    _printf_ls                               0x0800022b   Thumb Code     0  _printf_ls.o(.ARM.Collect$$_printf_percent$$00000016)
    _printf_percent_end                      0x08000231   Thumb Code     0  _printf_percent_end.o(.ARM.Collect$$_printf_percent$$00000017)
    __rt_lib_init                            0x08000235   Thumb Code     0  libinit.o(.ARM.Collect$$libinit$$00000000)
    __rt_lib_init_fp_1                       0x08000237   Thumb Code     0  libinit2.o(.ARM.Collect$$libinit$$00000002)
    __rt_lib_init_heap_1                     0x08000237   Thumb Code     0  libinit2.o(.ARM.Collect$$libinit$$0000000A)
    __rt_lib_init_lc_common                  0x08000237   Thumb Code     0  libinit2.o(.ARM.Collect$$libinit$$0000000F)
    __rt_lib_init_preinit_1                  0x08000237   Thumb Code     0  libinit2.o(.ARM.Collect$$libinit$$00000004)
    __rt_lib_init_rand_1                     0x08000237   Thumb Code     0  libinit2.o(.ARM.Collect$$libinit$$0000000E)
    __rt_lib_init_user_alloc_1               0x08000237   Thumb Code     0  libinit2.o(.ARM.Collect$$libinit$$0000000C)
    __rt_lib_init_lc_collate_1               0x0800023d   Thumb Code     0  libinit2.o(.ARM.Collect$$libinit$$00000011)
    __rt_lib_init_lc_ctype_2                 0x0800023d   Thumb Code     0  libinit2.o(.ARM.Collect$$libinit$$00000012)
    __rt_lib_init_lc_ctype_1                 0x08000249   Thumb Code     0  libinit2.o(.ARM.Collect$$libinit$$00000013)
    __rt_lib_init_lc_monetary_1              0x08000249   Thumb Code     0  libinit2.o(.ARM.Collect$$libinit$$00000015)
    __rt_lib_init_lc_numeric_2               0x08000249   Thumb Code     0  libinit2.o(.ARM.Collect$$libinit$$00000016)
    __rt_lib_init_alloca_1                   0x08000253   Thumb Code     0  libinit2.o(.ARM.Collect$$libinit$$0000002E)
    __rt_lib_init_argv_1                     0x08000253   Thumb Code     0  libinit2.o(.ARM.Collect$$libinit$$0000002C)
    __rt_lib_init_atexit_1                   0x08000253   Thumb Code     0  libinit2.o(.ARM.Collect$$libinit$$0000001B)
    __rt_lib_init_clock_1                    0x08000253   Thumb Code     0  libinit2.o(.ARM.Collect$$libinit$$00000021)
    __rt_lib_init_cpp_1                      0x08000253   Thumb Code     0  libinit2.o(.ARM.Collect$$libinit$$00000032)
    __rt_lib_init_exceptions_1               0x08000253   Thumb Code     0  libinit2.o(.ARM.Collect$$libinit$$00000030)
    __rt_lib_init_fp_trap_1                  0x08000253   Thumb Code     0  libinit2.o(.ARM.Collect$$libinit$$0000001F)
    __rt_lib_init_getenv_1                   0x08000253   Thumb Code     0  libinit2.o(.ARM.Collect$$libinit$$00000023)
    __rt_lib_init_lc_numeric_1               0x08000253   Thumb Code     0  libinit2.o(.ARM.Collect$$libinit$$00000017)
    __rt_lib_init_lc_time_1                  0x08000253   Thumb Code     0  libinit2.o(.ARM.Collect$$libinit$$00000019)
    __rt_lib_init_return                     0x08000253   Thumb Code     0  libinit2.o(.ARM.Collect$$libinit$$00000033)
    __rt_lib_init_signal_1                   0x08000253   Thumb Code     0  libinit2.o(.ARM.Collect$$libinit$$0000001D)
    __rt_lib_init_stdio_1                    0x08000253   Thumb Code     0  libinit2.o(.ARM.Collect$$libinit$$00000025)
    __rt_lib_shutdown                        0x08000255   Thumb Code     0  libshutdown.o(.ARM.Collect$$libshutdown$$00000000)
    __rt_lib_shutdown_cpp_1                  0x08000257   Thumb Code     0  libshutdown2.o(.ARM.Collect$$libshutdown$$00000002)
    __rt_lib_shutdown_fp_trap_1              0x08000257   Thumb Code     0  libshutdown2.o(.ARM.Collect$$libshutdown$$00000007)
    __rt_lib_shutdown_heap_1                 0x08000257   Thumb Code     0  libshutdown2.o(.ARM.Collect$$libshutdown$$0000000F)
    __rt_lib_shutdown_return                 0x08000257   Thumb Code     0  libshutdown2.o(.ARM.Collect$$libshutdown$$00000010)
    __rt_lib_shutdown_signal_1               0x08000257   Thumb Code     0  libshutdown2.o(.ARM.Collect$$libshutdown$$0000000A)
    __rt_lib_shutdown_stdio_1                0x08000257   Thumb Code     0  libshutdown2.o(.ARM.Collect$$libshutdown$$00000004)
    __rt_lib_shutdown_user_alloc_1           0x08000257   Thumb Code     0  libshutdown2.o(.ARM.Collect$$libshutdown$$0000000C)
    __rt_entry                               0x08000259   Thumb Code     0  __rtentry.o(.ARM.Collect$$rtentry$$00000000)
    __rt_entry_presh_1                       0x08000259   Thumb Code     0  __rtentry2.o(.ARM.Collect$$rtentry$$00000002)
    __rt_entry_sh                            0x08000259   Thumb Code     0  __rtentry4.o(.ARM.Collect$$rtentry$$00000004)
    __rt_entry_li                            0x0800025f   Thumb Code     0  __rtentry2.o(.ARM.Collect$$rtentry$$0000000A)
    __rt_entry_postsh_1                      0x0800025f   Thumb Code     0  __rtentry2.o(.ARM.Collect$$rtentry$$00000009)
    __rt_entry_main                          0x08000263   Thumb Code     0  __rtentry2.o(.ARM.Collect$$rtentry$$0000000D)
    __rt_entry_postli_1                      0x08000263   Thumb Code     0  __rtentry2.o(.ARM.Collect$$rtentry$$0000000C)
    __rt_exit                                0x0800026b   Thumb Code     0  rtexit.o(.ARM.Collect$$rtexit$$00000000)
    __rt_exit_ls                             0x0800026d   Thumb Code     0  rtexit2.o(.ARM.Collect$$rtexit$$00000003)
    __rt_exit_prels_1                        0x0800026d   Thumb Code     0  rtexit2.o(.ARM.Collect$$rtexit$$00000002)
    __rt_exit_exit                           0x08000271   Thumb Code     0  rtexit2.o(.ARM.Collect$$rtexit$$00000004)
    Reset_Handler                            0x08000279   Thumb Code     8  startup_stm32f10x_hd.o(.text)
    ADC1_2_IRQHandler                        0x08000293   Thumb Code     0  startup_stm32f10x_hd.o(.text)
    ADC3_IRQHandler                          0x08000293   Thumb Code     0  startup_stm32f10x_hd.o(.text)
    CAN1_RX1_IRQHandler                      0x08000293   Thumb Code     0  startup_stm32f10x_hd.o(.text)
    CAN1_SCE_IRQHandler                      0x08000293   Thumb Code     0  startup_stm32f10x_hd.o(.text)
    DMA1_Channel1_IRQHandler                 0x08000293   Thumb Code     0  startup_stm32f10x_hd.o(.text)
    DMA1_Channel2_IRQHandler                 0x08000293   Thumb Code     0  startup_stm32f10x_hd.o(.text)
    DMA1_Channel3_IRQHandler                 0x08000293   Thumb Code     0  startup_stm32f10x_hd.o(.text)
    DMA1_Channel4_IRQHandler                 0x08000293   Thumb Code     0  startup_stm32f10x_hd.o(.text)
    DMA1_Channel5_IRQHandler                 0x08000293   Thumb Code     0  startup_stm32f10x_hd.o(.text)
    DMA1_Channel6_IRQHandler                 0x08000293   Thumb Code     0  startup_stm32f10x_hd.o(.text)
    DMA1_Channel7_IRQHandler                 0x08000293   Thumb Code     0  startup_stm32f10x_hd.o(.text)
    DMA2_Channel1_IRQHandler                 0x08000293   Thumb Code     0  startup_stm32f10x_hd.o(.text)
    DMA2_Channel2_IRQHandler                 0x08000293   Thumb Code     0  startup_stm32f10x_hd.o(.text)
    DMA2_Channel3_IRQHandler                 0x08000293   Thumb Code     0  startup_stm32f10x_hd.o(.text)
    DMA2_Channel4_5_IRQHandler               0x08000293   Thumb Code     0  startup_stm32f10x_hd.o(.text)
    EXTI0_IRQHandler                         0x08000293   Thumb Code     0  startup_stm32f10x_hd.o(.text)
    EXTI15_10_IRQHandler                     0x08000293   Thumb Code     0  startup_stm32f10x_hd.o(.text)
    EXTI1_IRQHandler                         0x08000293   Thumb Code     0  startup_stm32f10x_hd.o(.text)
    EXTI2_IRQHandler                         0x08000293   Thumb Code     0  startup_stm32f10x_hd.o(.text)
    EXTI3_IRQHandler                         0x08000293   Thumb Code     0  startup_stm32f10x_hd.o(.text)
    EXTI4_IRQHandler                         0x08000293   Thumb Code     0  startup_stm32f10x_hd.o(.text)
    FLASH_IRQHandler                         0x08000293   Thumb Code     0  startup_stm32f10x_hd.o(.text)
    FSMC_IRQHandler                          0x08000293   Thumb Code     0  startup_stm32f10x_hd.o(.text)
    I2C1_ER_IRQHandler                       0x08000293   Thumb Code     0  startup_stm32f10x_hd.o(.text)
    I2C1_EV_IRQHandler                       0x08000293   Thumb Code     0  startup_stm32f10x_hd.o(.text)
    I2C2_ER_IRQHandler                       0x08000293   Thumb Code     0  startup_stm32f10x_hd.o(.text)
    I2C2_EV_IRQHandler                       0x08000293   Thumb Code     0  startup_stm32f10x_hd.o(.text)
    PVD_IRQHandler                           0x08000293   Thumb Code     0  startup_stm32f10x_hd.o(.text)
    RCC_IRQHandler                           0x08000293   Thumb Code     0  startup_stm32f10x_hd.o(.text)
    RTCAlarm_IRQHandler                      0x08000293   Thumb Code     0  startup_stm32f10x_hd.o(.text)
    RTC_IRQHandler                           0x08000293   Thumb Code     0  startup_stm32f10x_hd.o(.text)
    SDIO_IRQHandler                          0x08000293   Thumb Code     0  startup_stm32f10x_hd.o(.text)
    SPI1_IRQHandler                          0x08000293   Thumb Code     0  startup_stm32f10x_hd.o(.text)
    SPI2_IRQHandler                          0x08000293   Thumb Code     0  startup_stm32f10x_hd.o(.text)
    SPI3_IRQHandler                          0x08000293   Thumb Code     0  startup_stm32f10x_hd.o(.text)
    TAMPER_IRQHandler                        0x08000293   Thumb Code     0  startup_stm32f10x_hd.o(.text)
    TIM1_BRK_IRQHandler                      0x08000293   Thumb Code     0  startup_stm32f10x_hd.o(.text)
    TIM1_CC_IRQHandler                       0x08000293   Thumb Code     0  startup_stm32f10x_hd.o(.text)
    TIM1_TRG_COM_IRQHandler                  0x08000293   Thumb Code     0  startup_stm32f10x_hd.o(.text)
    TIM1_UP_IRQHandler                       0x08000293   Thumb Code     0  startup_stm32f10x_hd.o(.text)
    TIM2_IRQHandler                          0x08000293   Thumb Code     0  startup_stm32f10x_hd.o(.text)
    TIM3_IRQHandler                          0x08000293   Thumb Code     0  startup_stm32f10x_hd.o(.text)
    TIM6_IRQHandler                          0x08000293   Thumb Code     0  startup_stm32f10x_hd.o(.text)
    TIM8_BRK_IRQHandler                      0x08000293   Thumb Code     0  startup_stm32f10x_hd.o(.text)
    TIM8_CC_IRQHandler                       0x08000293   Thumb Code     0  startup_stm32f10x_hd.o(.text)
    TIM8_TRG_COM_IRQHandler                  0x08000293   Thumb Code     0  startup_stm32f10x_hd.o(.text)
    TIM8_UP_IRQHandler                       0x08000293   Thumb Code     0  startup_stm32f10x_hd.o(.text)
    UART4_IRQHandler                         0x08000293   Thumb Code     0  startup_stm32f10x_hd.o(.text)
    UART5_IRQHandler                         0x08000293   Thumb Code     0  startup_stm32f10x_hd.o(.text)
    USBWakeUp_IRQHandler                     0x08000293   Thumb Code     0  startup_stm32f10x_hd.o(.text)
    USB_HP_CAN1_TX_IRQHandler                0x08000293   Thumb Code     0  startup_stm32f10x_hd.o(.text)
    USB_LP_CAN1_RX0_IRQHandler               0x08000293   Thumb Code     0  startup_stm32f10x_hd.o(.text)
    WWDG_IRQHandler                          0x08000293   Thumb Code     0  startup_stm32f10x_hd.o(.text)
    __user_initial_stackheap                 0x08000295   Thumb Code     0  startup_stm32f10x_hd.o(.text)
    __use_no_semihosting                     0x080002b9   Thumb Code     2  use_no_semi_2.o(.text)
    __c89vsprintf                            0x080002bd   Thumb Code    32  c89vsprintf.o(.text)
    strlen                                   0x080002e1   Thumb Code    62  strlen.o(.text)
    __use_two_region_memory                  0x0800031f   Thumb Code     2  heapauxi.o(.text)
    __rt_heap_escrow$2region                 0x08000321   Thumb Code     2  heapauxi.o(.text)
    __rt_heap_expand$2region                 0x08000323   Thumb Code     2  heapauxi.o(.text)
    __I$use$semihosting                      0x08000325   Thumb Code     0  use_no_semi.o(.text)
    __use_no_semihosting_swi                 0x08000325   Thumb Code     2  use_no_semi.o(.text)
    _printf_pre_padding                      0x08000327   Thumb Code    44  _printf_pad.o(.text)
    _printf_post_padding                     0x08000353   Thumb Code    34  _printf_pad.o(.text)
    _printf_truncate_signed                  0x08000375   Thumb Code    18  _printf_truncate.o(.text)
    _printf_truncate_unsigned                0x08000387   Thumb Code    18  _printf_truncate.o(.text)
    _printf_str                              0x08000399   Thumb Code    82  _printf_str.o(.text)
    _printf_int_dec                          0x080003ed   Thumb Code   104  _printf_dec.o(.text)
    _printf_charcount                        0x08000465   Thumb Code    40  _printf_charcount.o(.text)
    _printf_char_common                      0x08000497   Thumb Code    32  _printf_char_common.o(.text)
    _sputc                                   0x080004bd   Thumb Code    10  _sputc.o(.text)
    _printf_wctomb                           0x080004c9   Thumb Code   182  _printf_wctomb.o(.text)
    _printf_longlong_dec                     0x08000585   Thumb Code   108  _printf_longlong_dec.o(.text)
    _printf_longlong_oct                     0x08000601   Thumb Code    66  _printf_oct_int_ll.o(.text)
    _printf_int_oct                          0x08000643   Thumb Code    24  _printf_oct_int_ll.o(.text)
    _printf_ll_oct                           0x0800065b   Thumb Code    12  _printf_oct_int_ll.o(.text)
    _printf_longlong_hex                     0x08000671   Thumb Code    86  _printf_hex_int_ll_ptr.o(.text)
    _printf_int_hex                          0x080006c7   Thumb Code    28  _printf_hex_int_ll_ptr.o(.text)
    _printf_ll_hex                           0x080006e3   Thumb Code    12  _printf_hex_int_ll_ptr.o(.text)
    _printf_hex_ptr                          0x080006ef   Thumb Code    18  _printf_hex_int_ll_ptr.o(.text)
    __printf                                 0x08000705   Thumb Code   388  __printf_flags_ss_wp.o(.text)
    _ll_udiv10                               0x0800088d   Thumb Code   138  lludiv10.o(.text)
    _printf_int_common                       0x08000917   Thumb Code   178  _printf_intcommon.o(.text)
    __lib_sel_fp_printf                      0x080009c9   Thumb Code     2  _printf_fp_dec.o(.text)
    _printf_fp_dec_real                      0x08000b77   Thumb Code   620  _printf_fp_dec.o(.text)
    _printf_cs_common                        0x08000de3   Thumb Code    20  _printf_char.o(.text)
    _printf_char                             0x08000df7   Thumb Code    16  _printf_char.o(.text)
    _printf_string                           0x08000e07   Thumb Code     8  _printf_char.o(.text)
    _printf_lcs_common                       0x08000e0f   Thumb Code    20  _printf_wchar.o(.text)
    _printf_wchar                            0x08000e23   Thumb Code    16  _printf_wchar.o(.text)
    _printf_wstring                          0x08000e33   Thumb Code     8  _printf_wchar.o(.text)
    _wcrtomb                                 0x08000e3b   Thumb Code    64  _wcrtomb.o(.text)
    __user_setup_stackheap                   0x08000e7b   Thumb Code    74  sys_stackheap_outer.o(.text)
    __rt_ctype_table                         0x08000ec5   Thumb Code    16  rt_ctype_table.o(.text)
    __rt_locale                              0x08000ed5   Thumb Code     8  rt_locale_intlibspace.o(.text)
    _printf_fp_infnan                        0x08000edd   Thumb Code   112  _printf_fp_infnan.o(.text)
    _btod_etento                             0x08000f5d   Thumb Code   216  bigflt0.o(.text)
    exit                                     0x08001039   Thumb Code    18  exit.o(.text)
    __user_libspace                          0x0800104d   Thumb Code     8  libspace.o(.text)
    __user_perproc_libspace                  0x0800104d   Thumb Code     0  libspace.o(.text)
    __user_perthread_libspace                0x0800104d   Thumb Code     0  libspace.o(.text)
    strcmp                                   0x08001055   Thumb Code   128  strcmpv7m.o(.text)
    _btod_d2e                                0x080010d5   Thumb Code    62  btod.o(CL$$btod_d2e)
    _d2e_denorm_low                          0x08001113   Thumb Code    70  btod.o(CL$$btod_d2e_denorm_low)
    _d2e_norm_op1                            0x08001159   Thumb Code    96  btod.o(CL$$btod_d2e_norm_op1)
    __btod_div_common                        0x080011b9   Thumb Code   696  btod.o(CL$$btod_div_common)
    _e2e                                     0x080014f1   Thumb Code   198  btod.o(CL$$btod_e2e)
    _btod_ediv                               0x080015b7   Thumb Code    40  btod.o(CL$$btod_ediv)
    _btod_emul                               0x080015df   Thumb Code    40  btod.o(CL$$btod_emul)
    __btod_mult_common                       0x08001607   Thumb Code   580  btod.o(CL$$btod_mult_common)
    BEEP_Init                                0x0800184d   Thumb Code    50  beep.o(i.BEEP_Init)
    BusFault_Handler                         0x08001885   Thumb Code     4  stm32f10x_it.o(i.BusFault_Handler)
    Data_Processing                          0x08001889   Thumb Code    54  openmv.o(i.Data_Processing)
    DebugMon_Handler                         0x080018c9   Thumb Code     2  stm32f10x_it.o(i.DebugMon_Handler)
    EXTI9_5_IRQHandler                       0x080018cd   Thumb Code   118  wave.o(i.EXTI9_5_IRQHandler)
    EXTI_ClearITPendingBit                   0x08001955   Thumb Code     6  stm32f10x_exti.o(i.EXTI_ClearITPendingBit)
    EXTI_GetITStatus                         0x08001961   Thumb Code    34  stm32f10x_exti.o(i.EXTI_GetITStatus)
    EXTI_Init                                0x08001989   Thumb Code   142  stm32f10x_exti.o(i.EXTI_Init)
    GPIO_EXTILineConfig                      0x08001a1d   Thumb Code    60  stm32f10x_gpio.o(i.GPIO_EXTILineConfig)
    GPIO_Init                                0x08001a5d   Thumb Code   278  stm32f10x_gpio.o(i.GPIO_Init)
    GPIO_ReadInputDataBit                    0x08001b73   Thumb Code    18  stm32f10x_gpio.o(i.GPIO_ReadInputDataBit)
    GPIO_ResetBits                           0x08001b85   Thumb Code     4  stm32f10x_gpio.o(i.GPIO_ResetBits)
    GPIO_SetBits                             0x08001b89   Thumb Code     4  stm32f10x_gpio.o(i.GPIO_SetBits)
    Go_back                                  0x08001b8d   Thumb Code    24  pwm.o(i.Go_back)
    Go_forward                               0x08001ba5   Thumb Code    24  pwm.o(i.Go_forward)
    Go_left                                  0x08001bbd   Thumb Code    24  pwm.o(i.Go_left)
    Go_right                                 0x08001bd5   Thumb Code    24  pwm.o(i.Go_right)
    Go_stop                                  0x08001bed   Thumb Code    20  pwm.o(i.Go_stop)
    HardFault_Handler                        0x08001c01   Thumb Code     4  stm32f10x_it.o(i.HardFault_Handler)
    LED_Init                                 0x08001c05   Thumb Code    68  led.o(i.LED_Init)
    MemManage_Handler                        0x08001c51   Thumb Code     4  stm32f10x_it.o(i.MemManage_Handler)
    NMI_Handler                              0x08001c55   Thumb Code     2  stm32f10x_it.o(i.NMI_Handler)
    NVIC_Init                                0x08001c59   Thumb Code   100  misc.o(i.NVIC_Init)
    NVIC_PriorityGroupConfig                 0x08001cc9   Thumb Code    10  misc.o(i.NVIC_PriorityGroupConfig)
    PendSV_Handler                           0x08001cdd   Thumb Code     2  stm32f10x_it.o(i.PendSV_Handler)
    Position_PID                             0x08001ce1   Thumb Code   126  main.o(i.Position_PID)
    RCC_APB1PeriphClockCmd                   0x08001d7d   Thumb Code    26  stm32f10x_rcc.o(i.RCC_APB1PeriphClockCmd)
    RCC_APB1PeriphResetCmd                   0x08001d9d   Thumb Code    26  stm32f10x_rcc.o(i.RCC_APB1PeriphResetCmd)
    RCC_APB2PeriphClockCmd                   0x08001dbd   Thumb Code    26  stm32f10x_rcc.o(i.RCC_APB2PeriphClockCmd)
    RCC_APB2PeriphResetCmd                   0x08001ddd   Thumb Code    26  stm32f10x_rcc.o(i.RCC_APB2PeriphResetCmd)
    RCC_GetClocksFreq                        0x08001dfd   Thumb Code   192  stm32f10x_rcc.o(i.RCC_GetClocksFreq)
    Receive_Prepare                          0x08001ed1   Thumb Code   106  openmv.o(i.Receive_Prepare)
    SVC_Handler                              0x08001f49   Thumb Code     2  stm32f10x_it.o(i.SVC_Handler)
    SysTick_CLKSourceConfig                  0x08002035   Thumb Code    40  misc.o(i.SysTick_CLKSourceConfig)
    SysTick_Handler                          0x0800205d   Thumb Code     2  stm32f10x_it.o(i.SysTick_Handler)
    SystemInit                               0x08002061   Thumb Code    78  system_stm32f10x.o(i.SystemInit)
    TIM4_IRQHandler                          0x080021bd   Thumb Code    38  timer.o(i.TIM4_IRQHandler)
    TIM5_IRQHandler                          0x080021ed   Thumb Code   178  timer.o(i.TIM5_IRQHandler)
    TIM7_IRQHandler                          0x080022ad   Thumb Code    42  timer.o(i.TIM7_IRQHandler)
    TIM7_Int_Init                            0x080022e1   Thumb Code    88  timer.o(i.TIM7_Int_Init)
    TIM_ARRPreloadConfig                     0x0800233d   Thumb Code    24  stm32f10x_tim.o(i.TIM_ARRPreloadConfig)
    TIM_ClearITPendingBit                    0x08002355   Thumb Code     6  stm32f10x_tim.o(i.TIM_ClearITPendingBit)
    TIM_Cmd                                  0x0800235b   Thumb Code    24  stm32f10x_tim.o(i.TIM_Cmd)
    TIM_GetCapture1                          0x08002373   Thumb Code     6  stm32f10x_tim.o(i.TIM_GetCapture1)
    TIM_GetCounter                           0x08002379   Thumb Code     6  stm32f10x_tim.o(i.TIM_GetCounter)
    TIM_GetITStatus                          0x0800237f   Thumb Code    34  stm32f10x_tim.o(i.TIM_GetITStatus)
    TIM_ITConfig                             0x080023a1   Thumb Code    18  stm32f10x_tim.o(i.TIM_ITConfig)
    TIM_OC1Init                              0x080023b5   Thumb Code   132  stm32f10x_tim.o(i.TIM_OC1Init)
    TIM_OC1PolarityConfig                    0x0800244d   Thumb Code    18  stm32f10x_tim.o(i.TIM_OC1PolarityConfig)
    TIM_OC1PreloadConfig                     0x0800245f   Thumb Code    18  stm32f10x_tim.o(i.TIM_OC1PreloadConfig)
    TIM_OC2Init                              0x08002471   Thumb Code   154  stm32f10x_tim.o(i.TIM_OC2Init)
    TIM_OC2PreloadConfig                     0x08002515   Thumb Code    26  stm32f10x_tim.o(i.TIM_OC2PreloadConfig)
    TIM_OC3Init                              0x08002531   Thumb Code   150  stm32f10x_tim.o(i.TIM_OC3Init)
    TIM_OC3PreloadConfig                     0x080025d1   Thumb Code    18  stm32f10x_tim.o(i.TIM_OC3PreloadConfig)
    TIM_OC4Init                              0x080025e5   Thumb Code   114  stm32f10x_tim.o(i.TIM_OC4Init)
    TIM_OC4PreloadConfig                     0x08002661   Thumb Code    26  stm32f10x_tim.o(i.TIM_OC4PreloadConfig)
    TIM_SetCounter                           0x0800267b   Thumb Code     4  stm32f10x_tim.o(i.TIM_SetCounter)
    TIM_TimeBaseInit                         0x08002681   Thumb Code   122  stm32f10x_tim.o(i.TIM_TimeBaseInit)
    Timer_SRD_Init                           0x08002725   Thumb Code   102  timer.o(i.Timer_SRD_Init)
    USART1_IRQHandler                        0x08002791   Thumb Code   122  usart.o(i.USART1_IRQHandler)
    USART2_IRQHandler                        0x08002819   Thumb Code    40  openmv.o(i.USART2_IRQHandler)
    USART3_IRQHandler                        0x08002845   Thumb Code   106  esp8266.o(i.USART3_IRQHandler)
    USART_ClearITPendingBit                  0x080028c1   Thumb Code    30  stm32f10x_usart.o(i.USART_ClearITPendingBit)
    USART_Cmd                                0x080028df   Thumb Code    24  stm32f10x_usart.o(i.USART_Cmd)
    USART_DeInit                             0x080028f9   Thumb Code   134  stm32f10x_usart.o(i.USART_DeInit)
    USART_GetFlagStatus                      0x08002995   Thumb Code    26  stm32f10x_usart.o(i.USART_GetFlagStatus)
    USART_GetITStatus                        0x080029af   Thumb Code    84  stm32f10x_usart.o(i.USART_GetITStatus)
    USART_ITConfig                           0x08002a03   Thumb Code    74  stm32f10x_usart.o(i.USART_ITConfig)
    USART_Init                               0x08002a4d   Thumb Code   210  stm32f10x_usart.o(i.USART_Init)
    USART_ReceiveData                        0x08002b25   Thumb Code    10  stm32f10x_usart.o(i.USART_ReceiveData)
    USART_SendData                           0x08002b2f   Thumb Code     8  stm32f10x_usart.o(i.USART_SendData)
    UsageFault_Handler                       0x08002b37   Thumb Code     4  stm32f10x_it.o(i.UsageFault_Handler)
    Wave_SRD_Init                            0x08002b3d   Thumb Code   128  wave.o(i.Wave_SRD_Init)
    Wave_SRD_Strat                           0x08002bc1   Thumb Code    26  wave.o(i.Wave_SRD_Strat)
    __ARM_fpclassify                         0x08002be1   Thumb Code    40  fpclassify.o(i.__ARM_fpclassify)
    _is_digit                                0x08002c09   Thumb Code    14  __printf_wp.o(i._is_digit)
    _sys_exit                                0x08002c17   Thumb Code     4  usart.o(i._sys_exit)
    autodrive                                0x08002c1d   Thumb Code   130  main.o(i.autodrive)
    delay_init                               0x08002cb5   Thumb Code    50  delay.o(i.delay_init)
    delay_ms                                 0x08002cf9   Thumb Code    72  delay.o(i.delay_ms)
    delay_us                                 0x08002d45   Thumb Code    72  delay.o(i.delay_us)
    main                                     0x08002d91   Thumb Code   436  main.o(i.main)
    u3_printf                                0x08002f75   Thumb Code    72  esp8266.o(i.u3_printf)
    uart_init                                0x08002fc5   Thumb Code   152  usart.o(i.uart_init)
    usart2_init                              0x08003065   Thumb Code   154  openmv.o(i.usart2_init)
    usart3_init                              0x08003109   Thumb Code   190  esp8266.o(i.usart3_init)
    _get_lc_numeric                          0x080031d9   Thumb Code    44  lc_numeric_c.o(locale$$code)
    _get_lc_ctype                            0x08003205   Thumb Code    44  lc_ctype_c.o(locale$$code)
    __aeabi_d2f                              0x08003231   Thumb Code     0  d2f.o(x$fpl$d2f)
    _d2f                                     0x08003231   Thumb Code    98  d2f.o(x$fpl$d2f)
    __aeabi_ddiv                             0x08003295   Thumb Code     0  ddiv.o(x$fpl$ddiv)
    _ddiv                                    0x08003295   Thumb Code   552  ddiv.o(x$fpl$ddiv)
    __aeabi_i2d                              0x08003545   Thumb Code     0  dflt_clz.o(x$fpl$dflt)
    _dflt                                    0x08003545   Thumb Code    46  dflt_clz.o(x$fpl$dflt)
    __fpl_dnaninf                            0x08003573   Thumb Code   156  dnaninf.o(x$fpl$dnaninf)
    __fpl_dretinf                            0x0800360f   Thumb Code    12  dretinf.o(x$fpl$dretinf)
    __aeabi_fadd                             0x0800361d   Thumb Code     0  faddsub_clz.o(x$fpl$fadd)
    _fadd                                    0x0800361d   Thumb Code   196  faddsub_clz.o(x$fpl$fadd)
    __fpl_fcmp_Inf                           0x080036e1   Thumb Code    24  fcmpi.o(x$fpl$fcmpinf)
    __aeabi_f2iz                             0x080036f9   Thumb Code     0  ffix.o(x$fpl$ffix)
    _ffix                                    0x080036f9   Thumb Code    54  ffix.o(x$fpl$ffix)
    __aeabi_i2f                              0x08003731   Thumb Code     0  fflt_clz.o(x$fpl$fflt)
    _fflt                                    0x08003731   Thumb Code    48  fflt_clz.o(x$fpl$fflt)
    __aeabi_cfcmple                          0x08003761   Thumb Code     0  fleqf.o(x$fpl$fleqf)
    _fcmple                                  0x08003761   Thumb Code   104  fleqf.o(x$fpl$fleqf)
    __fpl_fcmple_InfNaN                      0x080037b3   Thumb Code     0  fleqf.o(x$fpl$fleqf)
    __aeabi_fmul                             0x080037c9   Thumb Code     0  fmul.o(x$fpl$fmul)
    _fmul                                    0x080037c9   Thumb Code   258  fmul.o(x$fpl$fmul)
    __fpl_fnaninf                            0x080038cb   Thumb Code   140  fnaninf.o(x$fpl$fnaninf)
    __fpl_fretinf                            0x08003957   Thumb Code    10  fretinf.o(x$fpl$fretinf)
    __aeabi_cfrcmple                         0x08003961   Thumb Code     0  frleqf.o(x$fpl$frleqf)
    _frcmple                                 0x08003961   Thumb Code    98  frleqf.o(x$fpl$frleqf)
    __aeabi_fsub                             0x080039c5   Thumb Code     0  faddsub_clz.o(x$fpl$fsub)
    _fsub                                    0x080039c5   Thumb Code   234  faddsub_clz.o(x$fpl$fsub)
    _printf_fp_dec                           0x08003aaf   Thumb Code     4  printf1.o(x$fpl$printf1)
    __I$use$fp                               0x08003ab2   Number         0  usenofp.o(x$fpl$usenofp)
    Region$$Table$$Base                      0x08003b8c   Number         0  anon$$obj.o(Region$$Table)
    Region$$Table$$Limit                     0x08003bac   Number         0  anon$$obj.o(Region$$Table)
    __ctype                                  0x08003bd5   Data           0  lc_ctype_c.o(locale$$data)
    rlen                                     0x20000000   Data           2  main.o(.data)
    aaa                                      0x20000002   Data           2  main.o(.data)
    aw                                       0x20000004   Data          10  main.o(.data)
    flag                                     0x2000000e   Data           1  main.o(.data)
    SystemCoreClock                          0x20000020   Data           4  system_stm32f10x.o(.data)
    AHBPrescTable                            0x20000024   Data          16  system_stm32f10x.o(.data)
    __stdout                                 0x20000038   Data           4  usart.o(.data)
    USART_RX_STA                             0x2000003c   Data           2  usart.o(.data)
    TIM5CH1_CAPTURE_STA                      0x20000052   Data           1  timer.o(.data)
    TIM5CH1_CAPTURE_VAL                      0x20000054   Data           2  timer.o(.data)
    Distance                                 0x20000058   Data           4  wave.o(.data)
    __stdout2                                0x2000005c   Data           4  openmv.o(.data)
    USART_RX_STA2                            0x20000060   Data           2  openmv.o(.data)
    X                                        0x20000062   Data           1  openmv.o(.data)
    Y                                        0x20000063   Data           1  openmv.o(.data)
    USART3_RX_STA                            0x20000066   Data           2  esp8266.o(.data)
    USART_RX_BUF                             0x20000068   Data         200  usart.o(.bss)
    USART_RX_BUF2                            0x20000130   Data         200  openmv.o(.bss)
    USART3_RX_BUF                            0x20000202   Data         600  esp8266.o(.bss)
    USART3_TX_BUF                            0x2000045a   Data         600  esp8266.o(.bss)
    __libspace_start                         0x200006b4   Data          96  libspace.o(.bss)
    __temporary_stack_top$libspace           0x20000714   Data           0  libspace.o(.bss)



==============================================================================

Memory Map of the image

  Image Entry point : 0x08000279

  Load Region LR_1 (Base: 0x08000000, Size: 0x00003d40, Max: 0xffffffff, ABSOLUTE)

    Execution Region ER_RO (Base: 0x08000000, Size: 0x00003cd8, Max: 0xffffffff, ABSOLUTE)

    Base Addr    Size         Type   Attr      Idx    E Section Name        Object

    0x08000000   0x00000130   Data   RO          388    RESET               startup_stm32f10x_hd.o
    0x08000130   0x00000008   Code   RO         3624  * !!!main             c_w.l(__main.o)
    0x08000138   0x00000034   Code   RO         3978    !!!scatter          c_w.l(__scatter.o)
    0x0800016c   0x0000001a   Code   RO         3980    !!handler_copy      c_w.l(__scatter_copy.o)
    0x08000186   0x00000002   PAD
    0x08000188   0x0000001c   Code   RO         3982    !!handler_zi        c_w.l(__scatter_zi.o)
    0x080001a4   0x00000000   Code   RO         3744    .ARM.Collect$$_printf_percent$$00000000  c_w.l(_printf_percent.o)
    0x080001a4   0x00000006   Code   RO         3733    .ARM.Collect$$_printf_percent$$00000001  c_w.l(_printf_n.o)
    0x080001aa   0x00000006   Code   RO         3735    .ARM.Collect$$_printf_percent$$00000002  c_w.l(_printf_p.o)
    0x080001b0   0x00000006   Code   RO         3740    .ARM.Collect$$_printf_percent$$00000003  c_w.l(_printf_f.o)
    0x080001b6   0x00000006   Code   RO         3741    .ARM.Collect$$_printf_percent$$00000004  c_w.l(_printf_e.o)
    0x080001bc   0x00000006   Code   RO         3742    .ARM.Collect$$_printf_percent$$00000005  c_w.l(_printf_g.o)
    0x080001c2   0x00000006   Code   RO         3743    .ARM.Collect$$_printf_percent$$00000006  c_w.l(_printf_a.o)
    0x080001c8   0x0000000a   Code   RO         3748    .ARM.Collect$$_printf_percent$$00000007  c_w.l(_printf_ll.o)
    0x080001d2   0x00000006   Code   RO         3737    .ARM.Collect$$_printf_percent$$00000008  c_w.l(_printf_i.o)
    0x080001d8   0x00000006   Code   RO         3738    .ARM.Collect$$_printf_percent$$00000009  c_w.l(_printf_d.o)
    0x080001de   0x00000006   Code   RO         3739    .ARM.Collect$$_printf_percent$$0000000A  c_w.l(_printf_u.o)
    0x080001e4   0x00000006   Code   RO         3736    .ARM.Collect$$_printf_percent$$0000000B  c_w.l(_printf_o.o)
    0x080001ea   0x00000006   Code   RO         3734    .ARM.Collect$$_printf_percent$$0000000C  c_w.l(_printf_x.o)
    0x080001f0   0x00000006   Code   RO         3745    .ARM.Collect$$_printf_percent$$0000000D  c_w.l(_printf_lli.o)
    0x080001f6   0x00000006   Code   RO         3746    .ARM.Collect$$_printf_percent$$0000000E  c_w.l(_printf_lld.o)
    0x080001fc   0x00000006   Code   RO         3747    .ARM.Collect$$_printf_percent$$0000000F  c_w.l(_printf_llu.o)
    0x08000202   0x00000006   Code   RO         3752    .ARM.Collect$$_printf_percent$$00000010  c_w.l(_printf_llo.o)
    0x08000208   0x00000006   Code   RO         3753    .ARM.Collect$$_printf_percent$$00000011  c_w.l(_printf_llx.o)
    0x0800020e   0x0000000a   Code   RO         3749    .ARM.Collect$$_printf_percent$$00000012  c_w.l(_printf_l.o)
    0x08000218   0x00000006   Code   RO         3731    .ARM.Collect$$_printf_percent$$00000013  c_w.l(_printf_c.o)
    0x0800021e   0x00000006   Code   RO         3732    .ARM.Collect$$_printf_percent$$00000014  c_w.l(_printf_s.o)
    0x08000224   0x00000006   Code   RO         3750    .ARM.Collect$$_printf_percent$$00000015  c_w.l(_printf_lc.o)
    0x0800022a   0x00000006   Code   RO         3751    .ARM.Collect$$_printf_percent$$00000016  c_w.l(_printf_ls.o)
    0x08000230   0x00000004   Code   RO         3794    .ARM.Collect$$_printf_percent$$00000017  c_w.l(_printf_percent_end.o)
    0x08000234   0x00000002   Code   RO         3843    .ARM.Collect$$libinit$$00000000  c_w.l(libinit.o)
    0x08000236   0x00000000   Code   RO         3859    .ARM.Collect$$libinit$$00000002  c_w.l(libinit2.o)
    0x08000236   0x00000000   Code   RO         3861    .ARM.Collect$$libinit$$00000004  c_w.l(libinit2.o)
    0x08000236   0x00000000   Code   RO         3864    .ARM.Collect$$libinit$$0000000A  c_w.l(libinit2.o)
    0x08000236   0x00000000   Code   RO         3866    .ARM.Collect$$libinit$$0000000C  c_w.l(libinit2.o)
    0x08000236   0x00000000   Code   RO         3868    .ARM.Collect$$libinit$$0000000E  c_w.l(libinit2.o)
    0x08000236   0x00000006   Code   RO         3869    .ARM.Collect$$libinit$$0000000F  c_w.l(libinit2.o)
    0x0800023c   0x00000000   Code   RO         3871    .ARM.Collect$$libinit$$00000011  c_w.l(libinit2.o)
    0x0800023c   0x0000000c   Code   RO         3872    .ARM.Collect$$libinit$$00000012  c_w.l(libinit2.o)
    0x08000248   0x00000000   Code   RO         3873    .ARM.Collect$$libinit$$00000013  c_w.l(libinit2.o)
    0x08000248   0x00000000   Code   RO         3875    .ARM.Collect$$libinit$$00000015  c_w.l(libinit2.o)
    0x08000248   0x0000000a   Code   RO         3876    .ARM.Collect$$libinit$$00000016  c_w.l(libinit2.o)
    0x08000252   0x00000000   Code   RO         3877    .ARM.Collect$$libinit$$00000017  c_w.l(libinit2.o)
    0x08000252   0x00000000   Code   RO         3879    .ARM.Collect$$libinit$$00000019  c_w.l(libinit2.o)
    0x08000252   0x00000000   Code   RO         3881    .ARM.Collect$$libinit$$0000001B  c_w.l(libinit2.o)
    0x08000252   0x00000000   Code   RO         3883    .ARM.Collect$$libinit$$0000001D  c_w.l(libinit2.o)
    0x08000252   0x00000000   Code   RO         3885    .ARM.Collect$$libinit$$0000001F  c_w.l(libinit2.o)
    0x08000252   0x00000000   Code   RO         3887    .ARM.Collect$$libinit$$00000021  c_w.l(libinit2.o)
    0x08000252   0x00000000   Code   RO         3889    .ARM.Collect$$libinit$$00000023  c_w.l(libinit2.o)
    0x08000252   0x00000000   Code   RO         3891    .ARM.Collect$$libinit$$00000025  c_w.l(libinit2.o)
    0x08000252   0x00000000   Code   RO         3895    .ARM.Collect$$libinit$$0000002C  c_w.l(libinit2.o)
    0x08000252   0x00000000   Code   RO         3897    .ARM.Collect$$libinit$$0000002E  c_w.l(libinit2.o)
    0x08000252   0x00000000   Code   RO         3899    .ARM.Collect$$libinit$$00000030  c_w.l(libinit2.o)
    0x08000252   0x00000000   Code   RO         3901    .ARM.Collect$$libinit$$00000032  c_w.l(libinit2.o)
    0x08000252   0x00000002   Code   RO         3902    .ARM.Collect$$libinit$$00000033  c_w.l(libinit2.o)
    0x08000254   0x00000002   Code   RO         3920    .ARM.Collect$$libshutdown$$00000000  c_w.l(libshutdown.o)
    0x08000256   0x00000000   Code   RO         3930    .ARM.Collect$$libshutdown$$00000002  c_w.l(libshutdown2.o)
    0x08000256   0x00000000   Code   RO         3932    .ARM.Collect$$libshutdown$$00000004  c_w.l(libshutdown2.o)
    0x08000256   0x00000000   Code   RO         3935    .ARM.Collect$$libshutdown$$00000007  c_w.l(libshutdown2.o)
    0x08000256   0x00000000   Code   RO         3938    .ARM.Collect$$libshutdown$$0000000A  c_w.l(libshutdown2.o)
    0x08000256   0x00000000   Code   RO         3940    .ARM.Collect$$libshutdown$$0000000C  c_w.l(libshutdown2.o)
    0x08000256   0x00000000   Code   RO         3943    .ARM.Collect$$libshutdown$$0000000F  c_w.l(libshutdown2.o)
    0x08000256   0x00000002   Code   RO         3944    .ARM.Collect$$libshutdown$$00000010  c_w.l(libshutdown2.o)
    0x08000258   0x00000000   Code   RO         3662    .ARM.Collect$$rtentry$$00000000  c_w.l(__rtentry.o)
    0x08000258   0x00000000   Code   RO         3768    .ARM.Collect$$rtentry$$00000002  c_w.l(__rtentry2.o)
    0x08000258   0x00000006   Code   RO         3780    .ARM.Collect$$rtentry$$00000004  c_w.l(__rtentry4.o)
    0x0800025e   0x00000000   Code   RO         3770    .ARM.Collect$$rtentry$$00000009  c_w.l(__rtentry2.o)
    0x0800025e   0x00000004   Code   RO         3771    .ARM.Collect$$rtentry$$0000000A  c_w.l(__rtentry2.o)
    0x08000262   0x00000000   Code   RO         3773    .ARM.Collect$$rtentry$$0000000C  c_w.l(__rtentry2.o)
    0x08000262   0x00000008   Code   RO         3774    .ARM.Collect$$rtentry$$0000000D  c_w.l(__rtentry2.o)
    0x0800026a   0x00000002   Code   RO         3851    .ARM.Collect$$rtexit$$00000000  c_w.l(rtexit.o)
    0x0800026c   0x00000000   Code   RO         3904    .ARM.Collect$$rtexit$$00000002  c_w.l(rtexit2.o)
    0x0800026c   0x00000004   Code   RO         3905    .ARM.Collect$$rtexit$$00000003  c_w.l(rtexit2.o)
    0x08000270   0x00000006   Code   RO         3906    .ARM.Collect$$rtexit$$00000004  c_w.l(rtexit2.o)
    0x08000276   0x00000002   PAD
    0x08000278   0x00000040   Code   RO          389  * .text               startup_stm32f10x_hd.o
    0x080002b8   0x00000002   Code   RO         3616    .text               c_w.l(use_no_semi_2.o)
    0x080002ba   0x00000002   PAD
    0x080002bc   0x00000024   Code   RO         3618    .text               c_w.l(c89vsprintf.o)
    0x080002e0   0x0000003e   Code   RO         3620    .text               c_w.l(strlen.o)
    0x0800031e   0x00000006   Code   RO         3622    .text               c_w.l(heapauxi.o)
    0x08000324   0x00000002   Code   RO         3660    .text               c_w.l(use_no_semi.o)
    0x08000326   0x0000004e   Code   RO         3665    .text               c_w.l(_printf_pad.o)
    0x08000374   0x00000024   Code   RO         3667    .text               c_w.l(_printf_truncate.o)
    0x08000398   0x00000052   Code   RO         3669    .text               c_w.l(_printf_str.o)
    0x080003ea   0x00000002   PAD
    0x080003ec   0x00000078   Code   RO         3671    .text               c_w.l(_printf_dec.o)
    0x08000464   0x00000028   Code   RO         3673    .text               c_w.l(_printf_charcount.o)
    0x0800048c   0x00000030   Code   RO         3675    .text               c_w.l(_printf_char_common.o)
    0x080004bc   0x0000000a   Code   RO         3677    .text               c_w.l(_sputc.o)
    0x080004c6   0x00000002   PAD
    0x080004c8   0x000000bc   Code   RO         3679    .text               c_w.l(_printf_wctomb.o)
    0x08000584   0x0000007c   Code   RO         3682    .text               c_w.l(_printf_longlong_dec.o)
    0x08000600   0x00000070   Code   RO         3688    .text               c_w.l(_printf_oct_int_ll.o)
    0x08000670   0x00000094   Code   RO         3708    .text               c_w.l(_printf_hex_int_ll_ptr.o)
    0x08000704   0x00000188   Code   RO         3728    .text               c_w.l(__printf_flags_ss_wp.o)
    0x0800088c   0x0000008a   Code   RO         3782    .text               c_w.l(lludiv10.o)
    0x08000916   0x000000b2   Code   RO         3784    .text               c_w.l(_printf_intcommon.o)
    0x080009c8   0x0000041a   Code   RO         3786    .text               c_w.l(_printf_fp_dec.o)
    0x08000de2   0x0000002c   Code   RO         3790    .text               c_w.l(_printf_char.o)
    0x08000e0e   0x0000002c   Code   RO         3792    .text               c_w.l(_printf_wchar.o)
    0x08000e3a   0x00000040   Code   RO         3795    .text               c_w.l(_wcrtomb.o)
    0x08000e7a   0x0000004a   Code   RO         3797    .text               c_w.l(sys_stackheap_outer.o)
    0x08000ec4   0x00000010   Code   RO         3799    .text               c_w.l(rt_ctype_table.o)
    0x08000ed4   0x00000008   Code   RO         3804    .text               c_w.l(rt_locale_intlibspace.o)
    0x08000edc   0x00000080   Code   RO         3806    .text               c_w.l(_printf_fp_infnan.o)
    0x08000f5c   0x000000dc   Code   RO         3808    .text               c_w.l(bigflt0.o)
    0x08001038   0x00000012   Code   RO         3836    .text               c_w.l(exit.o)
    0x0800104a   0x00000002   PAD
    0x0800104c   0x00000008   Code   RO         3848    .text               c_w.l(libspace.o)
    0x08001054   0x00000080   Code   RO         3856    .text               c_w.l(strcmpv7m.o)
    0x080010d4   0x0000003e   Code   RO         3811    CL$$btod_d2e        c_w.l(btod.o)
    0x08001112   0x00000046   Code   RO         3813    CL$$btod_d2e_denorm_low  c_w.l(btod.o)
    0x08001158   0x00000060   Code   RO         3812    CL$$btod_d2e_norm_op1  c_w.l(btod.o)
    0x080011b8   0x00000338   Code   RO         3821    CL$$btod_div_common  c_w.l(btod.o)
    0x080014f0   0x000000c6   Code   RO         3818    CL$$btod_e2e        c_w.l(btod.o)
    0x080015b6   0x00000028   Code   RO         3815    CL$$btod_ediv       c_w.l(btod.o)
    0x080015de   0x00000028   Code   RO         3814    CL$$btod_emul       c_w.l(btod.o)
    0x08001606   0x00000244   Code   RO         3820    CL$$btod_mult_common  c_w.l(btod.o)
    0x0800184a   0x00000002   PAD
    0x0800184c   0x00000038   Code   RO         3360    i.BEEP_Init         beep.o
    0x08001884   0x00000004   Code   RO          157    i.BusFault_Handler  stm32f10x_it.o
    0x08001888   0x00000040   Code   RO         3467    i.Data_Processing   openmv.o
    0x080018c8   0x00000002   Code   RO          158    i.DebugMon_Handler  stm32f10x_it.o
    0x080018ca   0x00000002   PAD
    0x080018cc   0x00000088   Code   RO         3437    i.EXTI9_5_IRQHandler  wave.o
    0x08001954   0x0000000c   Code   RO         1191    i.EXTI_ClearITPendingBit  stm32f10x_exti.o
    0x08001960   0x00000028   Code   RO         1195    i.EXTI_GetITStatus  stm32f10x_exti.o
    0x08001988   0x00000094   Code   RO         1196    i.EXTI_Init         stm32f10x_exti.o
    0x08001a1c   0x00000040   Code   RO         1541    i.GPIO_EXTILineConfig  stm32f10x_gpio.o
    0x08001a5c   0x00000116   Code   RO         1544    i.GPIO_Init         stm32f10x_gpio.o
    0x08001b72   0x00000012   Code   RO         1548    i.GPIO_ReadInputDataBit  stm32f10x_gpio.o
    0x08001b84   0x00000004   Code   RO         1551    i.GPIO_ResetBits    stm32f10x_gpio.o
    0x08001b88   0x00000004   Code   RO         1552    i.GPIO_SetBits      stm32f10x_gpio.o
    0x08001b8c   0x00000018   Code   RO         3562    i.Go_back           pwm.o
    0x08001ba4   0x00000018   Code   RO         3563    i.Go_forward        pwm.o
    0x08001bbc   0x00000018   Code   RO         3564    i.Go_left           pwm.o
    0x08001bd4   0x00000018   Code   RO         3565    i.Go_right          pwm.o
    0x08001bec   0x00000014   Code   RO         3566    i.Go_stop           pwm.o
    0x08001c00   0x00000004   Code   RO          159    i.HardFault_Handler  stm32f10x_it.o
    0x08001c04   0x0000004c   Code   RO         3372    i.LED_Init          led.o
    0x08001c50   0x00000004   Code   RO          160    i.MemManage_Handler  stm32f10x_it.o
    0x08001c54   0x00000002   Code   RO          161    i.NMI_Handler       stm32f10x_it.o
    0x08001c56   0x00000002   PAD
    0x08001c58   0x00000070   Code   RO          393    i.NVIC_Init         misc.o
    0x08001cc8   0x00000014   Code   RO          394    i.NVIC_PriorityGroupConfig  misc.o
    0x08001cdc   0x00000002   Code   RO          162    i.PendSV_Handler    stm32f10x_it.o
    0x08001cde   0x00000002   PAD
    0x08001ce0   0x0000009c   Code   RO            1    i.Position_PID      main.o
    0x08001d7c   0x00000020   Code   RO         1960    i.RCC_APB1PeriphClockCmd  stm32f10x_rcc.o
    0x08001d9c   0x00000020   Code   RO         1961    i.RCC_APB1PeriphResetCmd  stm32f10x_rcc.o
    0x08001dbc   0x00000020   Code   RO         1962    i.RCC_APB2PeriphClockCmd  stm32f10x_rcc.o
    0x08001ddc   0x00000020   Code   RO         1963    i.RCC_APB2PeriphResetCmd  stm32f10x_rcc.o
    0x08001dfc   0x000000d4   Code   RO         1970    i.RCC_GetClocksFreq  stm32f10x_rcc.o
    0x08001ed0   0x00000078   Code   RO         3468    i.Receive_Prepare   openmv.o
    0x08001f48   0x00000002   Code   RO          163    i.SVC_Handler       stm32f10x_it.o
    0x08001f4a   0x00000008   Code   RO          246    i.SetSysClock       system_stm32f10x.o
    0x08001f52   0x00000002   PAD
    0x08001f54   0x000000e0   Code   RO          247    i.SetSysClockTo72   system_stm32f10x.o
    0x08002034   0x00000028   Code   RO          397    i.SysTick_CLKSourceConfig  misc.o
    0x0800205c   0x00000002   Code   RO          164    i.SysTick_Handler   stm32f10x_it.o
    0x0800205e   0x00000002   PAD
    0x08002060   0x00000060   Code   RO          249    i.SystemInit        system_stm32f10x.o
    0x080020c0   0x00000044   Code   RO         3567    i.TIM3_GPIO_Config  pwm.o
    0x08002104   0x000000b8   Code   RO         3568    i.TIM3_Mode_Config  pwm.o
    0x080021bc   0x00000030   Code   RO         3384    i.TIM4_IRQHandler   timer.o
    0x080021ec   0x000000c0   Code   RO         3387    i.TIM5_IRQHandler   timer.o
    0x080022ac   0x00000034   Code   RO         3388    i.TIM7_IRQHandler   timer.o
    0x080022e0   0x0000005c   Code   RO         3389    i.TIM7_Int_Init     timer.o
    0x0800233c   0x00000018   Code   RO         2582    i.TIM_ARRPreloadConfig  stm32f10x_tim.o
    0x08002354   0x00000006   Code   RO         2589    i.TIM_ClearITPendingBit  stm32f10x_tim.o
    0x0800235a   0x00000018   Code   RO         2594    i.TIM_Cmd           stm32f10x_tim.o
    0x08002372   0x00000006   Code   RO         2609    i.TIM_GetCapture1   stm32f10x_tim.o
    0x08002378   0x00000006   Code   RO         2613    i.TIM_GetCounter    stm32f10x_tim.o
    0x0800237e   0x00000022   Code   RO         2615    i.TIM_GetITStatus   stm32f10x_tim.o
    0x080023a0   0x00000012   Code   RO         2619    i.TIM_ITConfig      stm32f10x_tim.o
    0x080023b2   0x00000002   PAD
    0x080023b4   0x00000098   Code   RO         2623    i.TIM_OC1Init       stm32f10x_tim.o
    0x0800244c   0x00000012   Code   RO         2625    i.TIM_OC1PolarityConfig  stm32f10x_tim.o
    0x0800245e   0x00000012   Code   RO         2626    i.TIM_OC1PreloadConfig  stm32f10x_tim.o
    0x08002470   0x000000a4   Code   RO         2628    i.TIM_OC2Init       stm32f10x_tim.o
    0x08002514   0x0000001a   Code   RO         2631    i.TIM_OC2PreloadConfig  stm32f10x_tim.o
    0x0800252e   0x00000002   PAD
    0x08002530   0x000000a0   Code   RO         2633    i.TIM_OC3Init       stm32f10x_tim.o
    0x080025d0   0x00000012   Code   RO         2636    i.TIM_OC3PreloadConfig  stm32f10x_tim.o
    0x080025e2   0x00000002   PAD
    0x080025e4   0x0000007c   Code   RO         2638    i.TIM_OC4Init       stm32f10x_tim.o
    0x08002660   0x0000001a   Code   RO         2640    i.TIM_OC4PreloadConfig  stm32f10x_tim.o
    0x0800267a   0x00000004   Code   RO         2659    i.TIM_SetCounter    stm32f10x_tim.o
    0x0800267e   0x00000002   PAD
    0x08002680   0x000000a4   Code   RO         2665    i.TIM_TimeBaseInit  stm32f10x_tim.o
    0x08002724   0x0000006c   Code   RO         3390    i.Timer_SRD_Init    timer.o
    0x08002790   0x00000088   Code   RO          335    i.USART1_IRQHandler  usart.o
    0x08002818   0x0000002c   Code   RO         3469    i.USART2_IRQHandler  openmv.o
    0x08002844   0x0000007c   Code   RO         3521    i.USART3_IRQHandler  esp8266.o
    0x080028c0   0x0000001e   Code   RO         3127    i.USART_ClearITPendingBit  stm32f10x_usart.o
    0x080028de   0x00000018   Code   RO         3130    i.USART_Cmd         stm32f10x_usart.o
    0x080028f6   0x00000002   PAD
    0x080028f8   0x0000009c   Code   RO         3132    i.USART_DeInit      stm32f10x_usart.o
    0x08002994   0x0000001a   Code   RO         3133    i.USART_GetFlagStatus  stm32f10x_usart.o
    0x080029ae   0x00000054   Code   RO         3134    i.USART_GetITStatus  stm32f10x_usart.o
    0x08002a02   0x0000004a   Code   RO         3136    i.USART_ITConfig    stm32f10x_usart.o
    0x08002a4c   0x000000d8   Code   RO         3137    i.USART_Init        stm32f10x_usart.o
    0x08002b24   0x0000000a   Code   RO         3144    i.USART_ReceiveData  stm32f10x_usart.o
    0x08002b2e   0x00000008   Code   RO         3147    i.USART_SendData    stm32f10x_usart.o
    0x08002b36   0x00000004   Code   RO          165    i.UsageFault_Handler  stm32f10x_it.o
    0x08002b3a   0x00000002   PAD
    0x08002b3c   0x00000084   Code   RO         3438    i.Wave_SRD_Init     wave.o
    0x08002bc0   0x00000020   Code   RO         3439    i.Wave_SRD_Strat    wave.o
    0x08002be0   0x00000028   Code   RO         3846    i.__ARM_fpclassify  m_ws.l(fpclassify.o)
    0x08002c08   0x0000000e   Code   RO         3721    i._is_digit         c_w.l(__printf_wp.o)
    0x08002c16   0x00000004   Code   RO          336    i._sys_exit         usart.o
    0x08002c1a   0x00000002   PAD
    0x08002c1c   0x00000098   Code   RO            2    i.autodrive         main.o
    0x08002cb4   0x00000044   Code   RO          280    i.delay_init        delay.o
    0x08002cf8   0x0000004c   Code   RO          281    i.delay_ms          delay.o
    0x08002d44   0x0000004c   Code   RO          282    i.delay_us          delay.o
    0x08002d90   0x000001e4   Code   RO            3    i.main              main.o
    0x08002f74   0x00000050   Code   RO         3522    i.u3_printf         esp8266.o
    0x08002fc4   0x000000a0   Code   RO          338    i.uart_init         usart.o
    0x08003064   0x000000a4   Code   RO         3472    i.usart2_init       openmv.o
    0x08003108   0x000000d0   Code   RO         3523    i.usart3_init       esp8266.o
    0x080031d8   0x0000002c   Code   RO         3834    locale$$code        c_w.l(lc_numeric_c.o)
    0x08003204   0x0000002c   Code   RO         3854    locale$$code        c_w.l(lc_ctype_c.o)
    0x08003230   0x00000062   Code   RO         3626    x$fpl$d2f           fz_ws.l(d2f.o)
    0x08003292   0x00000002   PAD
    0x08003294   0x000002b0   Code   RO         3629    x$fpl$ddiv          fz_ws.l(ddiv.o)
    0x08003544   0x0000002e   Code   RO         3633    x$fpl$dflt          fz_ws.l(dflt_clz.o)
    0x08003572   0x0000009c   Code   RO         3754    x$fpl$dnaninf       fz_ws.l(dnaninf.o)
    0x0800360e   0x0000000c   Code   RO         3756    x$fpl$dretinf       fz_ws.l(dretinf.o)
    0x0800361a   0x00000002   PAD
    0x0800361c   0x000000c4   Code   RO         3638    x$fpl$fadd          fz_ws.l(faddsub_clz.o)
    0x080036e0   0x00000018   Code   RO         3758    x$fpl$fcmpinf       fz_ws.l(fcmpi.o)
    0x080036f8   0x00000036   Code   RO         3644    x$fpl$ffix          fz_ws.l(ffix.o)
    0x0800372e   0x00000002   PAD
    0x08003730   0x00000030   Code   RO         3649    x$fpl$fflt          fz_ws.l(fflt_clz.o)
    0x08003760   0x00000068   Code   RO         3654    x$fpl$fleqf         fz_ws.l(fleqf.o)
    0x080037c8   0x00000102   Code   RO         3656    x$fpl$fmul          fz_ws.l(fmul.o)
    0x080038ca   0x0000008c   Code   RO         3760    x$fpl$fnaninf       fz_ws.l(fnaninf.o)
    0x08003956   0x0000000a   Code   RO         3762    x$fpl$fretinf       fz_ws.l(fretinf.o)
    0x08003960   0x00000062   Code   RO         3658    x$fpl$frleqf        fz_ws.l(frleqf.o)
    0x080039c2   0x00000002   PAD
    0x080039c4   0x000000ea   Code   RO         3640    x$fpl$fsub          fz_ws.l(faddsub_clz.o)
    0x08003aae   0x00000004   Code   RO         3764    x$fpl$printf1       fz_ws.l(printf1.o)
    0x08003ab2   0x00000000   Code   RO         3766    x$fpl$usenofp       fz_ws.l(usenofp.o)
    0x08003ab2   0x00000002   PAD
    0x08003ab4   0x00000008   Data   RO         3680    .constdata          c_w.l(_printf_wctomb.o)
    0x08003abc   0x00000028   Data   RO         3709    .constdata          c_w.l(_printf_hex_int_ll_ptr.o)
    0x08003ae4   0x00000011   Data   RO         3729    .constdata          c_w.l(__printf_flags_ss_wp.o)
    0x08003af5   0x00000003   PAD
    0x08003af8   0x00000094   Data   RO         3809    .constdata          c_w.l(bigflt0.o)
    0x08003b8c   0x00000020   Data   RO         3976    Region$$Table       anon$$obj.o
    0x08003bac   0x0000001c   Data   RO         3833    locale$$data        c_w.l(lc_numeric_c.o)
    0x08003bc8   0x00000110   Data   RO         3853    locale$$data        c_w.l(lc_ctype_c.o)


    Execution Region ER_RW (Base: 0x20000000, Size: 0x00000068, Max: 0xffffffff, ABSOLUTE)

    Base Addr    Size         Type   Attr      Idx    E Section Name        Object

    0x20000000   0x00000020   Data   RW            4    .data               main.o
    0x20000020   0x00000014   Data   RW          250    .data               system_stm32f10x.o
    0x20000034   0x00000004   Data   RW          283    .data               delay.o
    0x20000038   0x00000006   Data   RW          340    .data               usart.o
    0x2000003e   0x00000014   Data   RW         1990    .data               stm32f10x_rcc.o
    0x20000052   0x00000004   Data   RW         3392    .data               timer.o
    0x20000056   0x00000002   PAD
    0x20000058   0x00000004   Data   RW         3440    .data               wave.o
    0x2000005c   0x0000000a   Data   RW         3474    .data               openmv.o
    0x20000066   0x00000002   Data   RW         3525    .data               esp8266.o


    Execution Region ER_ZI (Base: 0x20000068, Size: 0x00000cb0, Max: 0xffffffff, ABSOLUTE)

    Base Addr    Size         Type   Attr      Idx    E Section Name        Object

    0x20000068   0x000000c8   Zero   RW          339    .bss                usart.o
    0x20000130   0x000000d2   Zero   RW         3473    .bss                openmv.o
    0x20000202   0x000004b0   Zero   RW         3524    .bss                esp8266.o
    0x200006b2   0x00000002   PAD
    0x200006b4   0x00000060   Zero   RW         3849    .bss                c_w.l(libspace.o)
    0x20000714   0x00000004   PAD
    0x20000718   0x00000200   Zero   RW          387    HEAP                startup_stm32f10x_hd.o
    0x20000918   0x00000400   Zero   RW          386    STACK               startup_stm32f10x_hd.o


==============================================================================

Image component sizes


      Code (inc. data)   RO Data    RW Data    ZI Data      Debug   Object Name

        56          6          0          0          0        472   beep.o
       220         26          0          4          0       1643   delay.o
       412         44          0          2       1200       3326   esp8266.o
        76          8          0          0          0        479   led.o
       792        106          0         32          0     257805   main.o
       172         22          0          0          0       1977   misc.o
       392         38          0         10        210       4481   openmv.o
       368         14          0          0          0       3730   pwm.o
        64         26        304          0       1536        780   startup_stm32f10x_hd.o
       200         18          0          0          0       2028   stm32f10x_exti.o
       368          4          0          0          0       4158   stm32f10x_gpio.o
        26          0          0          0          0       3522   stm32f10x_it.o
       340         44          0         20          0       5428   stm32f10x_rcc.o
       992         92          0          0          0      11141   stm32f10x_tim.o
       628         28          0          0          0       7222   stm32f10x_usart.o
         0          0          0          0          0         32   sys.o
       328         28          0         20          0       1985   system_stm32f10x.o
       492         44          0          4          0       3078   timer.o
       300         22          0          6        200       3516   usart.o
       300         28          0          4          0       1741   wave.o

    ----------------------------------------------------------------------
      6550        598        336        104       3148     318544   Object Totals
         0          0         32          0          0          0   (incl. Generated)
        24          0          0          2          2          0   (incl. Padding)

    ----------------------------------------------------------------------

      Code (inc. data)   RO Data    RW Data    ZI Data      Debug   Library Member Name

         8          0          0          0          0         68   __main.o
       392          4         17          0          0         92   __printf_flags_ss_wp.o
        14          0          0          0          0         68   __printf_wp.o
         0          0          0          0          0          0   __rtentry.o
        12          0          0          0          0          0   __rtentry2.o
         6          0          0          0          0          0   __rtentry4.o
        52          8          0          0          0          0   __scatter.o
        26          0          0          0          0          0   __scatter_copy.o
        28          0          0          0          0          0   __scatter_zi.o
         6          0          0          0          0          0   _printf_a.o
         6          0          0          0          0          0   _printf_c.o
        44          0          0          0          0        108   _printf_char.o
        48          6          0          0          0         96   _printf_char_common.o
        40          0          0          0          0         68   _printf_charcount.o
         6          0          0          0          0          0   _printf_d.o
       120         16          0          0          0         92   _printf_dec.o
         6          0          0          0          0          0   _printf_e.o
         6          0          0          0          0          0   _printf_f.o
      1050          0          0          0          0        216   _printf_fp_dec.o
       128         16          0          0          0         84   _printf_fp_infnan.o
         6          0          0          0          0          0   _printf_g.o
       148          4         40          0          0        160   _printf_hex_int_ll_ptr.o
         6          0          0          0          0          0   _printf_i.o
       178          0          0          0          0         88   _printf_intcommon.o
        10          0          0          0          0          0   _printf_l.o
         6          0          0          0          0          0   _printf_lc.o
        10          0          0          0          0          0   _printf_ll.o
         6          0          0          0          0          0   _printf_lld.o
         6          0          0          0          0          0   _printf_lli.o
         6          0          0          0          0          0   _printf_llo.o
         6          0          0          0          0          0   _printf_llu.o
         6          0          0          0          0          0   _printf_llx.o
       124         16          0          0          0         92   _printf_longlong_dec.o
         6          0          0          0          0          0   _printf_ls.o
         6          0          0          0          0          0   _printf_n.o
         6          0          0          0          0          0   _printf_o.o
       112         10          0          0          0        124   _printf_oct_int_ll.o
         6          0          0          0          0          0   _printf_p.o
        78          0          0          0          0        108   _printf_pad.o
         0          0          0          0          0          0   _printf_percent.o
         4          0          0          0          0          0   _printf_percent_end.o
         6          0          0          0          0          0   _printf_s.o
        82          0          0          0          0         80   _printf_str.o
        36          0          0          0          0         84   _printf_truncate.o
         6          0          0          0          0          0   _printf_u.o
        44          0          0          0          0        108   _printf_wchar.o
       188          6          8          0          0         92   _printf_wctomb.o
         6          0          0          0          0          0   _printf_x.o
        10          0          0          0          0         68   _sputc.o
        64          0          0          0          0         92   _wcrtomb.o
       220          4        148          0          0         96   bigflt0.o
      1910        128          0          0          0        672   btod.o
        36          4          0          0          0         76   c89vsprintf.o
        18          0          0          0          0         80   exit.o
         6          0          0          0          0        152   heapauxi.o
        44         10        272          0          0         76   lc_ctype_c.o
        44         10         28          0          0         76   lc_numeric_c.o
         2          0          0          0          0          0   libinit.o
        30          0          0          0          0          0   libinit2.o
         2          0          0          0          0          0   libshutdown.o
         2          0          0          0          0          0   libshutdown2.o
         8          4          0          0         96         68   libspace.o
       138          0          0          0          0         80   lludiv10.o
        16          4          0          0          0         76   rt_ctype_table.o
         8          4          0          0          0         68   rt_locale_intlibspace.o
         2          0          0          0          0          0   rtexit.o
        10          0          0          0          0          0   rtexit2.o
       128          0          0          0          0         68   strcmpv7m.o
        62          0          0          0          0         76   strlen.o
        74          0          0          0          0         80   sys_stackheap_outer.o
         2          0          0          0          0         68   use_no_semi.o
         2          0          0          0          0         68   use_no_semi_2.o
        98          4          0          0          0         92   d2f.o
       688        140          0          0          0        208   ddiv.o
        46          0          0          0          0         68   dflt_clz.o
       156          4          0          0          0         92   dnaninf.o
        12          0          0          0          0         68   dretinf.o
       430          8          0          0          0        168   faddsub_clz.o
        24          0          0          0          0         68   fcmpi.o
        54          4          0          0          0         84   ffix.o
        48          0          0          0          0         68   fflt_clz.o
       104          4          0          0          0         84   fleqf.o
       258          4          0          0          0         84   fmul.o
       140          4          0          0          0         84   fnaninf.o
        10          0          0          0          0         68   fretinf.o
        98          0          0          0          0         68   frleqf.o
         4          0          0          0          0         68   printf1.o
         0          0          0          0          0          0   usenofp.o
        40          0          0          0          0         68   fpclassify.o

    ----------------------------------------------------------------------
      8174        426        516          0        100       5308   Library Totals
        24          0          3          0          4          0   (incl. Padding)

    ----------------------------------------------------------------------

      Code (inc. data)   RO Data    RW Data    ZI Data      Debug   Library Name

      5940        254        513          0         96       3868   c_w.l
      2170        172          0          0          0       1372   fz_ws.l
        40          0          0          0          0         68   m_ws.l

    ----------------------------------------------------------------------
      8174        426        516          0        100       5308   Library Totals

    ----------------------------------------------------------------------

==============================================================================


      Code (inc. data)   RO Data    RW Data    ZI Data      Debug   

     14724       1024        852        104       3248     316568   Grand Totals
     14724       1024        852        104       3248     316568   ELF Image Totals
     14724       1024        852        104          0          0   ROM Totals

==============================================================================

    Total RO  Size (Code + RO Data)                15576 (  15.21kB)
    Total RW  Size (RW Data + ZI Data)              3352 (   3.27kB)
    Total ROM Size (Code + RO Data + RW Data)      15680 (  15.31kB)

==============================================================================

